Archive member included to satisfy reference by file (symbol)

C:/MaximSDK/Libraries/PeriphDrivers/bin/MAX32660/softfp/libPeriphDriver_softfp.a(mxc_delay.o)
                              C:/Users/ahammad.n/Desktop/Maxim_Micro_Workspace/VR_Headset_Charging_Solution_API/build/rom_stub.o (SysTick_Handler)
C:/MaximSDK/Libraries/PeriphDrivers/bin/MAX32660/softfp/libPeriphDriver_softfp.a(sys_me11.o)
                              C:/Users/ahammad.n/Desktop/Maxim_Micro_Workspace/VR_Headset_Charging_Solution_API/build/system_max32660.o (MXC_SYS_ClockDisable)
C:/MaximSDK/Libraries/PeriphDrivers/bin/MAX32660/softfp/libPeriphDriver_softfp.a(flc_me11.o)
                              C:/MaximSDK/Libraries/PeriphDrivers/bin/MAX32660/softfp/libPeriphDriver_softfp.a(sys_me11.o) (MXC_FLC_UnlockInfoBlock)
C:/MaximSDK/Libraries/PeriphDrivers/bin/MAX32660/softfp/libPeriphDriver_softfp.a(flc_reva.o)
                              C:/MaximSDK/Libraries/PeriphDrivers/bin/MAX32660/softfp/libPeriphDriver_softfp.a(flc_me11.o) (MXC_FLC_RevA_Busy)
C:/MaximSDK/Libraries/PeriphDrivers/bin/MAX32660/softfp/libPeriphDriver_softfp.a(gpio_me11.o)
                              C:/Users/ahammad.n/Desktop/Maxim_Micro_Workspace/VR_Headset_Charging_Solution_API/build/main.o (MXC_GPIO_InGet)
C:/MaximSDK/Libraries/PeriphDrivers/bin/MAX32660/softfp/libPeriphDriver_softfp.a(gpio_reva.o)
                              C:/MaximSDK/Libraries/PeriphDrivers/bin/MAX32660/softfp/libPeriphDriver_softfp.a(gpio_me11.o) (MXC_GPIO_RevA_InGet)
C:/MaximSDK/Libraries/PeriphDrivers/bin/MAX32660/softfp/libPeriphDriver_softfp.a(i2c_me11.o)
                              C:/Users/ahammad.n/Desktop/Maxim_Micro_Workspace/VR_Headset_Charging_Solution_API/build/main.o (MXC_I2C_Init)
C:/MaximSDK/Libraries/PeriphDrivers/bin/MAX32660/softfp/libPeriphDriver_softfp.a(i2c_reva.o)
                              C:/MaximSDK/Libraries/PeriphDrivers/bin/MAX32660/softfp/libPeriphDriver_softfp.a(i2c_me11.o) (MXC_I2C_RevA_DMACallback)
C:/MaximSDK/Libraries/PeriphDrivers/bin/MAX32660/softfp/libPeriphDriver_softfp.a(uart_me11.o)
                              C:/Users/ahammad.n/Desktop/Maxim_Micro_Workspace/VR_Headset_Charging_Solution_API/build/board.o (MXC_UART_Shutdown)
C:/MaximSDK/Libraries/PeriphDrivers/bin/MAX32660/softfp/libPeriphDriver_softfp.a(uart_reva.o)
                              C:/MaximSDK/Libraries/PeriphDrivers/bin/MAX32660/softfp/libPeriphDriver_softfp.a(uart_me11.o) (MXC_UART_RevA_Init)
C:/MaximSDK/Libraries/PeriphDrivers/bin/MAX32660/softfp/libPeriphDriver_softfp.a(pins_me11.o)
                              C:/MaximSDK/Libraries/PeriphDrivers/bin/MAX32660/softfp/libPeriphDriver_softfp.a(uart_me11.o) (gpio_cfg_uart1_flow)
C:/MaximSDK/Libraries/PeriphDrivers/bin/MAX32660/softfp/libPeriphDriver_softfp.a(dma_me11.o)
                              C:/MaximSDK/Libraries/PeriphDrivers/bin/MAX32660/softfp/libPeriphDriver_softfp.a(i2c_reva.o) (MXC_DMA_Init)
C:/MaximSDK/Libraries/PeriphDrivers/bin/MAX32660/softfp/libPeriphDriver_softfp.a(dma_reva.o)
                              C:/MaximSDK/Libraries/PeriphDrivers/bin/MAX32660/softfp/libPeriphDriver_softfp.a(dma_me11.o) (MXC_DMA_RevA_Init)
C:/MaximSDK/Libraries/PeriphDrivers/bin/MAX32660/softfp/libPeriphDriver_softfp.a(flc_common.o)
                              C:/MaximSDK/Libraries/PeriphDrivers/bin/MAX32660/softfp/libPeriphDriver_softfp.a(flc_me11.o) (MXC_FLC_Com_VerifyData)
C:/MaximSDK/Libraries/PeriphDrivers/bin/MAX32660/softfp/libPeriphDriver_softfp.a(gpio_common.o)
                              C:/MaximSDK/Libraries/PeriphDrivers/bin/MAX32660/softfp/libPeriphDriver_softfp.a(gpio_me11.o) (MXC_GPIO_Common_Init)
C:/MaximSDK/Libraries/PeriphDrivers/bin/MAX32660/softfp/libPeriphDriver_softfp.a(uart_common.o)
                              C:/MaximSDK/Libraries/PeriphDrivers/bin/MAX32660/softfp/libPeriphDriver_softfp.a(uart_me11.o) (MXC_UART_Common_ReadCharacter)
C:/MaximSDK/Libraries/PeriphDrivers/bin/MAX32660/softfp/libPeriphDriver_softfp.a(mxc_lock.o)
                              C:/MaximSDK/Libraries/PeriphDrivers/bin/MAX32660/softfp/libPeriphDriver_softfp.a(dma_reva.o) (MXC_GetLock)
c:/maximsdk/tools/gnutools/10.3/bin/../lib/gcc/arm-none-eabi/10.3.1/../../../../arm-none-eabi/lib/thumb/v7e-m+fp/softfp\libc.a(lib_a-errno.o)
                              C:/Users/ahammad.n/Desktop/Maxim_Micro_Workspace/VR_Headset_Charging_Solution_API/build/stdio.o (__errno)
c:/maximsdk/tools/gnutools/10.3/bin/../lib/gcc/arm-none-eabi/10.3.1/../../../../arm-none-eabi/lib/thumb/v7e-m+fp/softfp\libc.a(lib_a-exit.o)
                              c:/maximsdk/tools/gnutools/10.3/bin/../lib/gcc/arm-none-eabi/10.3.1/../../../../arm-none-eabi/lib/thumb/v7e-m+fp/softfp/crt0.o (exit)
c:/maximsdk/tools/gnutools/10.3/bin/../lib/gcc/arm-none-eabi/10.3.1/../../../../arm-none-eabi/lib/thumb/v7e-m+fp/softfp\libc.a(lib_a-impure.o)
[...]
Memory Configuration

Name             Origin             Length             Attributes
FLASH            0x00000000         0x00040000         xr
SRAM             0x20000000         0x00018000         xrw
*default*        0x00000000         0xffffffff

Linker script and memory map

LOAD c:/maximsdk/tools/gnutools/10.3/bin/../lib/gcc/arm-none-eabi/10.3.1/thumb/v7e-m+fp/softfp/crti.o
LOAD c:/maximsdk/tools/gnutools/10.3/bin/../lib/gcc/arm-none-eabi/10.3.1/thumb/v7e-m+fp/softfp/crtbegin.o
LOAD c:/maximsdk/tools/gnutools/10.3/bin/../lib/gcc/arm-none-eabi/10.3.1/../../../../arm-none-eabi/lib/thumb/v7e-m+fp/softfp/crt0.o
LOAD C:/Users/ahammad.n/Desktop/Maxim_Micro_Workspace/VR_Headset_Charging_Solution_API/build/Functions.o
LOAD C:/Users/ahammad.n/Desktop/Maxim_Micro_Workspace/VR_Headset_Charging_Solution_API/build/main.o
LOAD C:/Users/ahammad.n/Desktop/Maxim_Micro_Workspace/VR_Headset_Charging_Solution_API/build/board.o
LOAD C:/Users/ahammad.n/Desktop/Maxim_Micro_Workspace/VR_Headset_Charging_Solution_API/build/stdio.o
LOAD C:/Users/ahammad.n/Desktop/Maxim_Micro_Workspace/VR_Headset_Charging_Solution_API/build/led.o
LOAD C:/Users/ahammad.n/Desktop/Maxim_Micro_Workspace/VR_Headset_Charging_Solution_API/build/pb.o
LOAD C:/Users/ahammad.n/Desktop/Maxim_Micro_Workspace/VR_Headset_Charging_Solution_API/build/rom_stub.o
LOAD C:/Users/ahammad.n/Desktop/Maxim_Micro_Workspace/VR_Headset_Charging_Solution_API/build/startup_max32660.o
LOAD C:/Users/ahammad.n/Desktop/Maxim_Micro_Workspace/VR_Headset_Charging_Solution_API/build/heap.o
LOAD C:/Users/ahammad.n/Desktop/Maxim_Micro_Workspace/VR_Headset_Charging_Solution_API/build/system_max32660.o
START GROUP
LOAD C:/MaximSDK/Libraries/PeriphDrivers/bin/MAX32660/softfp/libPeriphDriver_softfp.a
LOAD c:/maximsdk/tools/gnutools/10.3/bin/../lib/gcc/arm-none-eabi/10.3.1/../../../../arm-none-eabi/lib/thumb/v7e-m+fp/softfp\libc.a
LOAD c:/maximsdk/tools/gnutools/10.3/bin/../lib/gcc/arm-none-eabi/10.3.1/../../../../arm-none-eabi/lib/thumb/v7e-m+fp/softfp\libm.a
LOAD c:/maximsdk/tools/gnutools/10.3/bin/../lib/gcc/arm-none-eabi/10.3.1/../../../../arm-none-eabi/lib/thumb/v7e-m+fp/softfp\libnosys.a
END GROUP
START GROUP
LOAD c:/maximsdk/tools/gnutools/10.3/bin/../lib/gcc/arm-none-eabi/10.3.1/thumb/v7e-m+fp/softfp\libgcc.a
LOAD c:/maximsdk/tools/gnutools/10.3/bin/../lib/gcc/arm-none-eabi/10.3.1/../../../../arm-none-eabi/lib/thumb/v7e-m+fp/softfp\libc.a
END GROUP
LOAD c:/maximsdk/tools/gnutools/10.3/bin/../lib/gcc/arm-none-eabi/10.3.1/thumb/v7e-m+fp/softfp/crtend.o
LOAD c:/maximsdk/tools/gnutools/10.3/bin/../lib/gcc/arm-none-eabi/10.3.1/thumb/v7e-m+fp/softfp/crtn.o

.text           0x00000000     0xb494
                0x00000000                _text = .
 *(.isr_vector)
 .isr_vector    0x00000000      0x11c C:/Users/ahammad.n/Desktop/Maxim_Micro_Workspace/VR_Headset_Charging_Solution_API/build/startup_max32660.o
                0x00000000                __isr_vector
 *(.text*)
 .text          0x0000011c       0x40 c:/maximsdk/tools/gnutools/10.3/bin/../lib/gcc/arm-none-eabi/10.3.1/thumb/v7e-m+fp/softfp/crtbegin.o
 .text.Register_Read
                0x0000015c       0x30 C:/Users/ahammad.n/Desktop/Maxim_Micro_Workspace/VR_Headset_Charging_Solution_API/build/Functions.o
                0x0000015c                Register_Read
 .text.Register_Write
                0x0000018c       0x30 C:/Users/ahammad.n/Desktop/Maxim_Micro_Workspace/VR_Headset_Charging_Solution_API/build/Functions.o
                0x0000018c                Register_Write
 .text.Register_Multi_Read
                0x000001bc       0x28 C:/Users/ahammad.n/Desktop/Maxim_Micro_Workspace/VR_Headset_Charging_Solution_API/build/Functions.o
                0x000001bc                Register_Multi_Read
 .text.Multi_Register_4byte_Write
                0x000001e4       0x46 C:/Users/ahammad.n/Desktop/Maxim_Micro_Workspace/VR_Headset_Charging_Solution_API/build/Functions.o
                0x000001e4                Multi_Register_4byte_Write
 *fill*         0x0000022a        0x2 
 .text.Register_Write_Charger
                0x0000022c       0x4c C:/Users/ahammad.n/Desktop/Maxim_Micro_Workspace/VR_Headset_Charging_Solution_API/build/Functions.o
                0x0000022c                Register_Write_Charger
 .text.Source_Cap_Req
                0x00000278       0x34 C:/Users/ahammad.n/Desktop/Maxim_Micro_Workspace/VR_Headset_Charging_Solution_API/build/Functions.o
                0x00000278                Source_Cap_Req
 .text.Current_Source_Cap
                0x000002ac      0x10c C:/Users/ahammad.n/Desktop/Maxim_Micro_Workspace/VR_Headset_Charging_Solution_API/build/Functions.o
                0x000002ac                Current_Source_Cap
 .text.Set_Sink_PDOs
                0x000003b8       0x78 C:/Users/ahammad.n/Desktop/Maxim_Micro_Workspace/VR_Headset_Charging_Solution_API/build/Functions.o
                0x000003b8                Set_Sink_PDOs
 .text.Sink_PDO_Req
                0x00000430       0xc8 C:/Users/ahammad.n/Desktop/Maxim_Micro_Workspace/VR_Headset_Charging_Solution_API/build/Functions.o
                0x00000430                Sink_PDO_Req
 .text.GPIO_Initialisation
                0x000004f8       0xec C:/Users/ahammad.n/Desktop/Maxim_Micro_Workspace/VR_Headset_Charging_Solution_API/build/Functions.o
                0x000004f8                GPIO_Initialisation
 .text.VBUS_ADC_Voltage_print
                0x000005e4      0x178 C:/Users/ahammad.n/Desktop/Maxim_Micro_Workspace/VR_Headset_Charging_Solution_API/build/Functions.o
                0x000005e4                VBUS_ADC_Voltage_print
 .text.Port_current_print
                0x0000075c       0x4c C:/Users/ahammad.n/Desktop/Maxim_Micro_Workspace/VR_Headset_Charging_Solution_API/build/Functions.o
                0x0000075c                Port_current_print
 .text.PD_Message_Print
                0x000007a8      0x328 C:/Users/ahammad.n/Desktop/Maxim_Micro_Workspace/VR_Headset_Charging_Solution_API/build/Functions.o
                0x000007a8                PD_Message_Print
 .text.Port_Detection_Status_Voltage_current_Read
                0x00000ad0      0x30c C:/Users/ahammad.n/Desktop/Maxim_Micro_Workspace/VR_Headset_Charging_Solution_API/build/Functions.o
                0x00000ad0                Port_Detection_Status_Voltage_current_Read
 .text.MAX77986_Forward_Charging_ON
                0x00000ddc       0x68 C:/Users/ahammad.n/Desktop/Maxim_Micro_Workspace/VR_Headset_Charging_Solution_API/build/Functions.o
                0x00000ddc                MAX77986_Forward_Charging_ON
 .text.Forward_Chg_OFF_Reverse_OTG_OFF_Boost_on
                0x00000e44       0x58 C:/Users/ahammad.n/Desktop/Maxim_Micro_Workspace/VR_Headset_Charging_Solution_API/build/Functions.o
                0x00000e44                Forward_Chg_OFF_Reverse_OTG_OFF_Boost_on
 .text.MAX77958_Customer_Configuration
                0x00000e9c       0x78 C:/Users/ahammad.n/Desktop/Maxim_Micro_Workspace/VR_Headset_Charging_Solution_API/build/Functions.o
                0x00000e9c                MAX77958_Customer_Configuration
 .text.Register_Read_FG
                0x00000f14       0x30 C:/Users/ahammad.n/Desktop/Maxim_Micro_Workspace/VR_Headset_Charging_Solution_API/build/Functions.o
                0x00000f14                Register_Read_FG
 .text.Register_Write_FG
                0x00000f44       0x34 C:/Users/ahammad.n/Desktop/Maxim_Micro_Workspace/VR_Headset_Charging_Solution_API/build/Functions.o
                0x00000f44                Register_Write_FG
 .text.Twos_Comp_to_unsigned_value
                0x00000f78        0xe C:/Users/ahammad.n/Desktop/Maxim_Micro_Workspace/VR_Headset_Charging_Solution_API/build/Functions.o
                0x00000f78                Twos_Comp_to_unsigned_value
 *fill*         0x00000f86        0x2 
 .text.SOC_Indicator
                0x00000f88      0x1a8 C:/Users/ahammad.n/Desktop/Maxim_Micro_Workspace/VR_Headset_Charging_Solution_API/build/Functions.o
                0x00000f88                SOC_Indicator
 .text.SOC_Indicator_Blink_Fn
                0x00001130      0x124 C:/Users/ahammad.n/Desktop/Maxim_Micro_Workspace/VR_Headset_Charging_Solution_API/build/Functions.o
                0x00001130                SOC_Indicator_Blink_Fn
 .text.Mask_Interrupts
                0x00001254       0x34 C:/Users/ahammad.n/Desktop/Maxim_Micro_Workspace/VR_Headset_Charging_Solution_API/build/Functions.o
                0x00001254                Mask_Interrupts
 .text.Read_and_Clear_Interrupts
                0x00001288       0x84 C:/Users/ahammad.n/Desktop/Maxim_Micro_Workspace/VR_Headset_Charging_Solution_API/build/Functions.o
                0x00001288                Read_and_Clear_Interrupts
 .text.Charger_Mode_Selection
                0x0000130c       0x6c C:/Users/ahammad.n/Desktop/Maxim_Micro_Workspace/VR_Headset_Charging_Solution_API/build/Functions.o
                0x0000130c                Charger_Mode_Selection
 .text.gpio_isr
                0x00001378       0x18 C:/Users/ahammad.n/Desktop/Maxim_Micro_Workspace/VR_Headset_Charging_Solution_API/build/Functions.o
                0x00001378                gpio_isr
 .text.MAX17262_EZ_Initialization
                0x00001390      0x160 C:/Users/ahammad.n/Desktop/Maxim_Micro_Workspace/VR_Headset_Charging_Solution_API/build/Functions.o
                0x00001390                MAX17262_EZ_Initialization
 .text.Dynamic_Voltage_Neg_CV_Charg
                0x000014f0       0xd8 C:/Users/ahammad.n/Desktop/Maxim_Micro_Workspace/VR_Headset_Charging_Solution_API/build/Functions.o
                0x000014f0                Dynamic_Voltage_Neg_CV_Charg
 .text.main     0x000015c8      0x228 C:/Users/ahammad.n/Desktop/Maxim_Micro_Workspace/VR_Headset_Charging_Solution_API/build/main.o
                0x000015c8                main
 .text.mxc_assert
                0x000017f0       0x10 C:/Users/ahammad.n/Desktop/Maxim_Micro_Workspace/VR_Headset_Charging_Solution_API/build/board.o
                0x000017f0                mxc_assert
 .text.Console_Init
                0x00001800       0x18 C:/Users/ahammad.n/Desktop/Maxim_Micro_Workspace/VR_Headset_Charging_Solution_API/build/board.o
                0x00001800                Console_Init
 .text.Board_Init
                0x00001818       0x34 C:/Users/ahammad.n/Desktop/Maxim_Micro_Workspace/VR_Headset_Charging_Solution_API/build/board.o
                0x00001818                Board_Init
 .text.NMI_Handler
                0x0000184c        0x4 C:/Users/ahammad.n/Desktop/Maxim_Micro_Workspace/VR_Headset_Charging_Solution_API/build/board.o
                0x0000184c                NMI_Handler
 .text._close   0x00001850        0x6 C:/Users/ahammad.n/Desktop/Maxim_Micro_Workspace/VR_Headset_Charging_Solution_API/build/stdio.o
                0x00001850                _close
 .text._isatty  0x00001856        0x6 C:/Users/ahammad.n/Desktop/Maxim_Micro_Workspace/VR_Headset_Charging_Solution_API/build/stdio.o
                0x00001856                _isatty
 .text._lseek   0x0000185c        0x6 C:/Users/ahammad.n/Desktop/Maxim_Micro_Workspace/VR_Headset_Charging_Solution_API/build/stdio.o
                0x0000185c                _lseek
 .text._fstat   0x00001862        0x6 C:/Users/ahammad.n/Desktop/Maxim_Micro_Workspace/VR_Headset_Charging_Solution_API/build/stdio.o
                0x00001862                _fstat
 .text._read    0x00001868       0x50 C:/Users/ahammad.n/Desktop/Maxim_Micro_Workspace/VR_Headset_Charging_Solution_API/build/stdio.o
                0x00001868                _read
 .text._write   0x000018b8       0x54 C:/Users/ahammad.n/Desktop/Maxim_Micro_Workspace/VR_Headset_Charging_Solution_API/build/stdio.o
                0x000018b8                _write
 .text.LED_Off  0x0000190c       0x44 C:/Users/ahammad.n/Desktop/Maxim_Micro_Workspace/VR_Headset_Charging_Solution_API/build/led.o
                0x0000190c                LED_Off
 .text.LED_Init
                0x00001950       0x3c C:/Users/ahammad.n/Desktop/Maxim_Micro_Workspace/VR_Headset_Charging_Solution_API/build/led.o
                0x00001950                LED_Init
 .text.PB_Init  0x0000198c       0x38 C:/Users/ahammad.n/Desktop/Maxim_Micro_Workspace/VR_Headset_Charging_Solution_API/build/pb.o
                0x0000198c                PB_Init
 .text.GPIO0_IRQHandler
                0x000019c4        0xa C:/Users/ahammad.n/Desktop/Maxim_Micro_Workspace/VR_Headset_Charging_Solution_API/build/pb.o
                0x000019c4                GPIO0_IRQHandler
 *fill*         0x000019ce        0x2 
 .text          0x000019d0       0xe4 C:/Users/ahammad.n/Desktop/Maxim_Micro_Workspace/VR_Headset_Charging_Solution_API/build/startup_max32660.o
                0x000019d0                Reset_Handler
                0x00001a0e                HardFault_Handler
                0x00001a10                MemManage_Handler
                0x00001a12                BusFault_Handler
                0x00001a14                UsageFault_Handler
                0x00001a16                SVC_Handler
                0x00001a18                DebugMon_Handler
                0x00001a1a                PendSV_Handler
                0x00001a1c                Default_Handler
                0x00001a1e                PF_IRQHandler
                0x00001a20                WDT0_IRQHandler
                0x00001a22                RSV00_IRQHandler
                0x00001a24                RTC_IRQHandler
                0x00001a26                RSV1_IRQHandler
                0x00001a28                TMR0_IRQHandler
                0x00001a2a                TMR1_IRQHandler
                0x00001a2c                TMR2_IRQHandler
                0x00001a2e                RSV02_IRQHandler
                0x00001a30                RSV03_IRQHandler
                0x00001a32                RSV04_IRQHandler
                0x00001a34                RSV05_IRQHandler
                0x00001a36                RSV06_IRQHandler
                0x00001a38                I2C0_IRQHandler
                0x00001a3a                UART0_IRQHandler
                0x00001a3c                UART1_IRQHandler
                0x00001a3e                SPI0_IRQHandler
                0x00001a40                SPI1_IRQHandler
                0x00001a42                RSV07_IRQHandler
                0x00001a44                RSV08_IRQHandler
                0x00001a46                RSV09_IRQHandler
                0x00001a48                RSV10_IRQHandler
                0x00001a4a                RSV11_IRQHandler
                0x00001a4c                FLC_IRQHandler
                0x00001a50                RSV12_IRQHandler
                0x00001a52                RSV13_IRQHandler
                0x00001a54                RSV14_IRQHandler
                0x00001a56                DMA0_IRQHandler
                0x00001a58                DMA1_IRQHandler
                0x00001a5a                DMA2_IRQHandler
                0x00001a5c                DMA3_IRQHandler
                0x00001a5e                RSV15_IRQHandler
                0x00001a60                RSV16_IRQHandler
                0x00001a62                RSV17_IRQHandler
                0x00001a64                RSV18_IRQHandler
                0x00001a66                I2C1_IRQHandler
                0x00001a68                RSV19_IRQHandler
                0x00001a6a                RSV20_IRQHandler
                0x00001a6c                RSV21_IRQHandler
                0x00001a6e                RSV22_IRQHandler
                0x00001a70                RSV23_IRQHandler
                0x00001a72                RSV24_IRQHandler
                0x00001a74                RSV25_IRQHandler
                0x00001a76                RSV26_IRQHandler
                0x00001a78                RSV27_IRQHandler
                0x00001a7a                RSV28_IRQHandler
                0x00001a7c                RSV29_IRQHandler
                0x00001a7e                RSV30_IRQHandler
                0x00001a80                RSV31_IRQHandler
                0x00001a82                RSV32_IRQHandler
                0x00001a84                RSV33_IRQHandler
                0x00001a86                RSV34_IRQHandler
                0x00001a88                RSV35_IRQHandler
                0x00001a8a                GPIOWAKE_IRQHandler
 .text._sbrk    0x00001ab4       0x40 C:/Users/ahammad.n/Desktop/Maxim_Micro_Workspace/VR_Headset_Charging_Solution_API/build/heap.o
                0x00001ab4                _sbrk
 .text.SystemCoreClockUpdate
                0x00001af4       0x64 C:/Users/ahammad.n/Desktop/Maxim_Micro_Workspace/VR_Headset_Charging_Solution_API/build/system_max32660.o
                0x00001af4                SystemCoreClockUpdate
 .text.PreInit  0x00001b58        0x4 C:/Users/ahammad.n/Desktop/Maxim_Micro_Workspace/VR_Headset_Charging_Solution_API/build/system_max32660.o
                0x00001b58                PreInit
 .text.SystemInit
                0x00001b5c       0x7c C:/Users/ahammad.n/Desktop/Maxim_Micro_Workspace/VR_Headset_Charging_Solution_API/build/system_max32660.o
                0x00001b5c                SystemInit
 .text.MXC_DelayInit
                0x00001bd8       0x84 C:/MaximSDK/Libraries/PeriphDrivers/bin/MAX32660/softfp/libPeriphDriver_softfp.a(mxc_delay.o)
 .text.MXC_DelayAsync
                0x00001c5c       0x44 C:/MaximSDK/Libraries/PeriphDrivers/bin/MAX32660/softfp/libPeriphDriver_softfp.a(mxc_delay.o)
                0x00001c5c                MXC_DelayAsync
 .text.MXC_DelayAbort
                0x00001ca0       0x34 C:/MaximSDK/Libraries/PeriphDrivers/bin/MAX32660/softfp/libPeriphDriver_softfp.a(mxc_delay.o)
                0x00001ca0                MXC_DelayAbort
 .text.MXC_DelayHandler
                0x00001cd4       0x40 C:/MaximSDK/Libraries/PeriphDrivers/bin/MAX32660/softfp/libPeriphDriver_softfp.a(mxc_delay.o)
                0x00001cd4                MXC_DelayHandler
 .text.SysTick_Handler
                0x00001d14        0x8 C:/MaximSDK/Libraries/PeriphDrivers/bin/MAX32660/softfp/libPeriphDriver_softfp.a(mxc_delay.o)
                0x00001d14                SysTick_Handler
 .text.MXC_DelayCheck
                0x00001d1c       0x64 C:/MaximSDK/Libraries/PeriphDrivers/bin/MAX32660/softfp/libPeriphDriver_softfp.a(mxc_delay.o)
                0x00001d1c                MXC_DelayCheck
 .text.MXC_Delay
                0x00001d80       0x58 C:/MaximSDK/Libraries/PeriphDrivers/bin/MAX32660/softfp/libPeriphDriver_softfp.a(mxc_delay.o)
                0x00001d80                MXC_Delay
 .text.MXC_SYS_ClockDisable
                0x00001dd8       0x2c C:/MaximSDK/Libraries/PeriphDrivers/bin/MAX32660/softfp/libPeriphDriver_softfp.a(sys_me11.o)
                0x00001dd8                MXC_SYS_ClockDisable
 .text.MXC_SYS_ClockEnable
                0x00001e04       0x30 C:/MaximSDK/Libraries/PeriphDrivers/bin/MAX32660/softfp/libPeriphDriver_softfp.a(sys_me11.o)
                0x00001e04                MXC_SYS_ClockEnable
 .text.MXC_SYS_Clock_Timeout
                0x00001e34       0x30 C:/MaximSDK/Libraries/PeriphDrivers/bin/MAX32660/softfp/libPeriphDriver_softfp.a(sys_me11.o)
                0x00001e34                MXC_SYS_Clock_Timeout
 .text.MXC_SYS_Clock_Select
                0x00001e64       0xc4 C:/MaximSDK/Libraries/PeriphDrivers/bin/MAX32660/softfp/libPeriphDriver_softfp.a(sys_me11.o)
                0x00001e64                MXC_SYS_Clock_Select
 .text.MXC_SYS_Reset_Periph
                0x00001f28       0x38 C:/MaximSDK/Libraries/PeriphDrivers/bin/MAX32660/softfp/libPeriphDriver_softfp.a(sys_me11.o)
                0x00001f28                MXC_SYS_Reset_Periph
 .text.MXC_GPIO_InGet
                0x00001f60        0x8 C:/MaximSDK/Libraries/PeriphDrivers/bin/MAX32660/softfp/libPeriphDriver_softfp.a(gpio_me11.o)
                0x00001f60                MXC_GPIO_InGet
 .text.MXC_GPIO_OutSet
                0x00001f68        0x8 C:/MaximSDK/Libraries/PeriphDrivers/bin/MAX32660/softfp/libPeriphDriver_softfp.a(gpio_me11.o)
                0x00001f68                MXC_GPIO_OutSet
 .text.MXC_GPIO_OutClr
                0x00001f70        0x8 C:/MaximSDK/Libraries/PeriphDrivers/bin/MAX32660/softfp/libPeriphDriver_softfp.a(gpio_me11.o)
                0x00001f70                MXC_GPIO_OutClr
 .text.MXC_GPIO_IntConfig
                0x00001f78        0x8 C:/MaximSDK/Libraries/PeriphDrivers/bin/MAX32660/softfp/libPeriphDriver_softfp.a(gpio_me11.o)
                0x00001f78                MXC_GPIO_IntConfig
 .text.MXC_GPIO_EnableInt
                0x00001f80        0x8 C:/MaximSDK/Libraries/PeriphDrivers/bin/MAX32660/softfp/libPeriphDriver_softfp.a(gpio_me11.o)
                0x00001f80                MXC_GPIO_EnableInt
 .text.MXC_GPIO_RegisterCallback
                0x00001f88        0x8 C:/MaximSDK/Libraries/PeriphDrivers/bin/MAX32660/softfp/libPeriphDriver_softfp.a(gpio_me11.o)
                0x00001f88                MXC_GPIO_RegisterCallback
 .text.MXC_GPIO_Handler
                0x00001f90        0x8 C:/MaximSDK/Libraries/PeriphDrivers/bin/MAX32660/softfp/libPeriphDriver_softfp.a(gpio_me11.o)
                0x00001f90                MXC_GPIO_Handler
 .text.MXC_GPIO_ClearFlags
                0x00001f98        0x8 C:/MaximSDK/Libraries/PeriphDrivers/bin/MAX32660/softfp/libPeriphDriver_softfp.a(gpio_me11.o)
                0x00001f98                MXC_GPIO_ClearFlags
 .text.MXC_GPIO_GetFlags
                0x00001fa0        0x8 C:/MaximSDK/Libraries/PeriphDrivers/bin/MAX32660/softfp/libPeriphDriver_softfp.a(gpio_me11.o)
                0x00001fa0                MXC_GPIO_GetFlags
 .text.MXC_GPIO_SetVSSEL
                0x00001fa8        0x8 C:/MaximSDK/Libraries/PeriphDrivers/bin/MAX32660/softfp/libPeriphDriver_softfp.a(gpio_me11.o)
                0x00001fa8                MXC_GPIO_SetVSSEL
 .text.MXC_GPIO_Config
                0x00001fb0       0xaa C:/MaximSDK/Libraries/PeriphDrivers/bin/MAX32660/softfp/libPeriphDriver_softfp.a(gpio_me11.o)
                0x00001fb0                MXC_GPIO_Config
 .text.MXC_GPIO_RevA_InGet
                0x0000205a        0x6 C:/MaximSDK/Libraries/PeriphDrivers/bin/MAX32660/softfp/libPeriphDriver_softfp.a(gpio_reva.o)
                0x0000205a                MXC_GPIO_RevA_InGet
 .text.MXC_GPIO_RevA_OutSet
                0x00002060        0x4 C:/MaximSDK/Libraries/PeriphDrivers/bin/MAX32660/softfp/libPeriphDriver_softfp.a(gpio_reva.o)
                0x00002060                MXC_GPIO_RevA_OutSet
 .text.MXC_GPIO_RevA_OutClr
                0x00002064        0x4 C:/MaximSDK/Libraries/PeriphDrivers/bin/MAX32660/softfp/libPeriphDriver_softfp.a(gpio_reva.o)
                0x00002064                MXC_GPIO_RevA_OutClr
 .text.MXC_GPIO_RevA_IntConfig
                0x00002068       0xaa C:/MaximSDK/Libraries/PeriphDrivers/bin/MAX32660/softfp/libPeriphDriver_softfp.a(gpio_reva.o)
                0x00002068                MXC_GPIO_RevA_IntConfig
 .text.MXC_GPIO_RevA_EnableInt
                0x00002112        0x4 C:/MaximSDK/Libraries/PeriphDrivers/bin/MAX32660/softfp/libPeriphDriver_softfp.a(gpio_reva.o)
                0x00002112                MXC_GPIO_RevA_EnableInt
 .text.MXC_GPIO_RevA_ClearFlags
                0x00002116        0x4 C:/MaximSDK/Libraries/PeriphDrivers/bin/MAX32660/softfp/libPeriphDriver_softfp.a(gpio_reva.o)
                0x00002116                MXC_GPIO_RevA_ClearFlags
 .text.MXC_GPIO_RevA_GetFlags
                0x0000211a        0x4 C:/MaximSDK/Libraries/PeriphDrivers/bin/MAX32660/softfp/libPeriphDriver_softfp.a(gpio_reva.o)
                0x0000211a                MXC_GPIO_RevA_GetFlags
 .text.MXC_GPIO_RevA_SetVSSEL
                0x0000211e       0x2a C:/MaximSDK/Libraries/PeriphDrivers/bin/MAX32660/softfp/libPeriphDriver_softfp.a(gpio_reva.o)
                0x0000211e                MXC_GPIO_RevA_SetVSSEL
 .text.MXC_I2C_SetSlaveAddr
                0x00002148       0x36 C:/MaximSDK/Libraries/PeriphDrivers/bin/MAX32660/softfp/libPeriphDriver_softfp.a(i2c_me11.o)
                0x00002148                MXC_I2C_SetSlaveAddr
 *fill*         0x0000217e        0x2 
 .text.MXC_I2C_Shutdown
                0x00002180       0x60 C:/MaximSDK/Libraries/PeriphDrivers/bin/MAX32660/softfp/libPeriphDriver_softfp.a(i2c_me11.o)
                0x00002180                MXC_I2C_Shutdown
 .text.MXC_I2C_Init
                0x000021e0       0x5c C:/MaximSDK/Libraries/PeriphDrivers/bin/MAX32660/softfp/libPeriphDriver_softfp.a(i2c_me11.o)
                0x000021e0                MXC_I2C_Init
 .text.MXC_I2C_SetFrequency
                0x0000223c       0x18 C:/MaximSDK/Libraries/PeriphDrivers/bin/MAX32660/softfp/libPeriphDriver_softfp.a(i2c_me11.o)
                0x0000223c                MXC_I2C_SetFrequency
 .text.MXC_I2C_GetFrequency
                0x00002254        0x8 C:/MaximSDK/Libraries/PeriphDrivers/bin/MAX32660/softfp/libPeriphDriver_softfp.a(i2c_me11.o)
                0x00002254                MXC_I2C_GetFrequency
 .text.MXC_I2C_Start
                0x0000225c        0x8 C:/MaximSDK/Libraries/PeriphDrivers/bin/MAX32660/softfp/libPeriphDriver_softfp.a(i2c_me11.o)
                0x0000225c                MXC_I2C_Start
 .text.MXC_I2C_Stop
                0x00002264        0x8 C:/MaximSDK/Libraries/PeriphDrivers/bin/MAX32660/softfp/libPeriphDriver_softfp.a(i2c_me11.o)
                0x00002264                MXC_I2C_Stop
 .text.MXC_I2C_ReadRXFIFO
                0x0000226c        0x8 C:/MaximSDK/Libraries/PeriphDrivers/bin/MAX32660/softfp/libPeriphDriver_softfp.a(i2c_me11.o)
                0x0000226c                MXC_I2C_ReadRXFIFO
 .text.MXC_I2C_WriteTXFIFO
                0x00002274        0x8 C:/MaximSDK/Libraries/PeriphDrivers/bin/MAX32660/softfp/libPeriphDriver_softfp.a(i2c_me11.o)
                0x00002274                MXC_I2C_WriteTXFIFO
 .text.MXC_I2C_ClearRXFIFO
                0x0000227c        0x8 C:/MaximSDK/Libraries/PeriphDrivers/bin/MAX32660/softfp/libPeriphDriver_softfp.a(i2c_me11.o)
                0x0000227c                MXC_I2C_ClearRXFIFO
 .text.MXC_I2C_ClearTXFIFO
                0x00002284        0x8 C:/MaximSDK/Libraries/PeriphDrivers/bin/MAX32660/softfp/libPeriphDriver_softfp.a(i2c_me11.o)
                0x00002284                MXC_I2C_ClearTXFIFO
 .text.MXC_I2C_ClearFlags
                0x0000228c        0x8 C:/MaximSDK/Libraries/PeriphDrivers/bin/MAX32660/softfp/libPeriphDriver_softfp.a(i2c_me11.o)
                0x0000228c                MXC_I2C_ClearFlags
 .text.MXC_I2C_Recover
                0x00002294        0x8 C:/MaximSDK/Libraries/PeriphDrivers/bin/MAX32660/softfp/libPeriphDriver_softfp.a(i2c_me11.o)
                0x00002294                MXC_I2C_Recover
 .text.MXC_I2C_MasterTransaction
                0x0000229c        0x8 C:/MaximSDK/Libraries/PeriphDrivers/bin/MAX32660/softfp/libPeriphDriver_softfp.a(i2c_me11.o)
                0x0000229c                MXC_I2C_MasterTransaction
 .text.MXC_I2C_SetRXThreshold
                0x000022a4        0x8 C:/MaximSDK/Libraries/PeriphDrivers/bin/MAX32660/softfp/libPeriphDriver_softfp.a(i2c_me11.o)
                0x000022a4                MXC_I2C_SetRXThreshold
 .text.MXC_I2C_SetTXThreshold
                0x000022ac        0x8 C:/MaximSDK/Libraries/PeriphDrivers/bin/MAX32660/softfp/libPeriphDriver_softfp.a(i2c_me11.o)
                0x000022ac                MXC_I2C_SetTXThreshold
 .text.MXC_I2C_RevA_Init
                0x000022b4       0xb8 C:/MaximSDK/Libraries/PeriphDrivers/bin/MAX32660/softfp/libPeriphDriver_softfp.a(i2c_reva.o)
                0x000022b4                MXC_I2C_RevA_Init
 .text.MXC_I2C_RevA_SetFrequency
                0x0000236c       0xc0 C:/MaximSDK/Libraries/PeriphDrivers/bin/MAX32660/softfp/libPeriphDriver_softfp.a(i2c_reva.o)
                0x0000236c                MXC_I2C_RevA_SetFrequency
 .text.MXC_I2C_RevA_GetFrequency
                0x0000242c       0x20 C:/MaximSDK/Libraries/PeriphDrivers/bin/MAX32660/softfp/libPeriphDriver_softfp.a(i2c_reva.o)
                0x0000242c                MXC_I2C_RevA_GetFrequency
 .text.MXC_I2C_RevA_Start
                0x0000244c       0x28 C:/MaximSDK/Libraries/PeriphDrivers/bin/MAX32660/softfp/libPeriphDriver_softfp.a(i2c_reva.o)
                0x0000244c                MXC_I2C_RevA_Start
 .text.MXC_I2C_RevA_Stop
                0x00002474       0x1e C:/MaximSDK/Libraries/PeriphDrivers/bin/MAX32660/softfp/libPeriphDriver_softfp.a(i2c_reva.o)
                0x00002474                MXC_I2C_RevA_Stop
 .text.MXC_I2C_RevA_ReadRXFIFO
                0x00002492       0x30 C:/MaximSDK/Libraries/PeriphDrivers/bin/MAX32660/softfp/libPeriphDriver_softfp.a(i2c_reva.o)
                0x00002492                MXC_I2C_RevA_ReadRXFIFO
 .text.MXC_I2C_RevA_WriteTXFIFO
                0x000024c2       0x30 C:/MaximSDK/Libraries/PeriphDrivers/bin/MAX32660/softfp/libPeriphDriver_softfp.a(i2c_reva.o)
                0x000024c2                MXC_I2C_RevA_WriteTXFIFO
 .text.MXC_I2C_RevA_ClearRXFIFO
                0x000024f2       0x12 C:/MaximSDK/Libraries/PeriphDrivers/bin/MAX32660/softfp/libPeriphDriver_softfp.a(i2c_reva.o)
                0x000024f2                MXC_I2C_RevA_ClearRXFIFO
 .text.MXC_I2C_RevA_ClearTXFIFO
                0x00002504       0x12 C:/MaximSDK/Libraries/PeriphDrivers/bin/MAX32660/softfp/libPeriphDriver_softfp.a(i2c_reva.o)
                0x00002504                MXC_I2C_RevA_ClearTXFIFO
 .text.MXC_I2C_RevA_ClearFlags
                0x00002516        0x6 C:/MaximSDK/Libraries/PeriphDrivers/bin/MAX32660/softfp/libPeriphDriver_softfp.a(i2c_reva.o)
                0x00002516                MXC_I2C_RevA_ClearFlags
 .text.MXC_I2C_RevA_Recover
                0x0000251c       0xd8 C:/MaximSDK/Libraries/PeriphDrivers/bin/MAX32660/softfp/libPeriphDriver_softfp.a(i2c_reva.o)
                0x0000251c                MXC_I2C_RevA_Recover
 .text.MXC_I2C_RevA_MasterTransaction
                0x000025f4      0x190 C:/MaximSDK/Libraries/PeriphDrivers/bin/MAX32660/softfp/libPeriphDriver_softfp.a(i2c_reva.o)
                0x000025f4                MXC_I2C_RevA_MasterTransaction
 .text.MXC_I2C_RevA_SetRXThreshold
                0x00002784       0x1e C:/MaximSDK/Libraries/PeriphDrivers/bin/MAX32660/softfp/libPeriphDriver_softfp.a(i2c_reva.o)
                0x00002784                MXC_I2C_RevA_SetRXThreshold
 .text.MXC_I2C_RevA_SetTXThreshold
                0x000027a2       0x20 C:/MaximSDK/Libraries/PeriphDrivers/bin/MAX32660/softfp/libPeriphDriver_softfp.a(i2c_reva.o)
                0x000027a2                MXC_I2C_RevA_SetTXThreshold
 *fill*         0x000027c2        0x2 
 .text.MXC_UART_Shutdown
                0x000027c4       0x3c C:/MaximSDK/Libraries/PeriphDrivers/bin/MAX32660/softfp/libPeriphDriver_softfp.a(uart_me11.o)
                0x000027c4                MXC_UART_Shutdown
 .text.MXC_UART_Init
                0x00002800       0x78 C:/MaximSDK/Libraries/PeriphDrivers/bin/MAX32660/softfp/libPeriphDriver_softfp.a(uart_me11.o)
                0x00002800                MXC_UART_Init
 .text.MXC_UART_SetFrequency
                0x00002878        0x8 C:/MaximSDK/Libraries/PeriphDrivers/bin/MAX32660/softfp/libPeriphDriver_softfp.a(uart_me11.o)
                0x00002878                MXC_UART_SetFrequency
 .text.MXC_UART_GetFrequency
                0x00002880        0x8 C:/MaximSDK/Libraries/PeriphDrivers/bin/MAX32660/softfp/libPeriphDriver_softfp.a(uart_me11.o)
                0x00002880                MXC_UART_GetFrequency
 .text.MXC_UART_SetDataSize
                0x00002888        0x8 C:/MaximSDK/Libraries/PeriphDrivers/bin/MAX32660/softfp/libPeriphDriver_softfp.a(uart_me11.o)
                0x00002888                MXC_UART_SetDataSize
 .text.MXC_UART_SetStopBits
                0x00002890        0x8 C:/MaximSDK/Libraries/PeriphDrivers/bin/MAX32660/softfp/libPeriphDriver_softfp.a(uart_me11.o)
                0x00002890                MXC_UART_SetStopBits
 .text.MXC_UART_SetParity
                0x00002898        0x8 C:/MaximSDK/Libraries/PeriphDrivers/bin/MAX32660/softfp/libPeriphDriver_softfp.a(uart_me11.o)
                0x00002898                MXC_UART_SetParity
 .text.MXC_UART_ReadCharacterRaw
                0x000028a0        0x8 C:/MaximSDK/Libraries/PeriphDrivers/bin/MAX32660/softfp/libPeriphDriver_softfp.a(uart_me11.o)
                0x000028a0                MXC_UART_ReadCharacterRaw
 .text.MXC_UART_WriteCharacterRaw
                0x000028a8        0x8 C:/MaximSDK/Libraries/PeriphDrivers/bin/MAX32660/softfp/libPeriphDriver_softfp.a(uart_me11.o)
                0x000028a8                MXC_UART_WriteCharacterRaw
 .text.MXC_UART_ReadCharacter
                0x000028b0        0x8 C:/MaximSDK/Libraries/PeriphDrivers/bin/MAX32660/softfp/libPeriphDriver_softfp.a(uart_me11.o)
                0x000028b0                MXC_UART_ReadCharacter
 .text.MXC_UART_WriteCharacter
                0x000028b8        0x8 C:/MaximSDK/Libraries/PeriphDrivers/bin/MAX32660/softfp/libPeriphDriver_softfp.a(uart_me11.o)
                0x000028b8                MXC_UART_WriteCharacter
 .text.MXC_UART_GetRXFIFOAvailable
                0x000028c0        0x8 C:/MaximSDK/Libraries/PeriphDrivers/bin/MAX32660/softfp/libPeriphDriver_softfp.a(uart_me11.o)
                0x000028c0                MXC_UART_GetRXFIFOAvailable
 .text.MXC_UART_GetTXFIFOAvailable
                0x000028c8        0x8 C:/MaximSDK/Libraries/PeriphDrivers/bin/MAX32660/softfp/libPeriphDriver_softfp.a(uart_me11.o)
                0x000028c8                MXC_UART_GetTXFIFOAvailable
 .text.MXC_UART_SetRXThreshold
                0x000028d0        0x8 C:/MaximSDK/Libraries/PeriphDrivers/bin/MAX32660/softfp/libPeriphDriver_softfp.a(uart_me11.o)
                0x000028d0                MXC_UART_SetRXThreshold
 .text.MXC_UART_SetTXThreshold
                0x000028d8        0x8 C:/MaximSDK/Libraries/PeriphDrivers/bin/MAX32660/softfp/libPeriphDriver_softfp.a(uart_me11.o)
                0x000028d8                MXC_UART_SetTXThreshold
 .text.MXC_UART_RevA_Init
                0x000028e0       0x5e C:/MaximSDK/Libraries/PeriphDrivers/bin/MAX32660/softfp/libPeriphDriver_softfp.a(uart_reva.o)
                0x000028e0                MXC_UART_RevA_Init
 *fill*         0x0000293e        0x2 
 .text.MXC_UART_RevA_SetFrequency
                0x00002940      0x11c C:/MaximSDK/Libraries/PeriphDrivers/bin/MAX32660/softfp/libPeriphDriver_softfp.a(uart_reva.o)
                0x00002940                MXC_UART_RevA_SetFrequency
 .text.MXC_UART_RevA_GetFrequency
                0x00002a5c       0xb4 C:/MaximSDK/Libraries/PeriphDrivers/bin/MAX32660/softfp/libPeriphDriver_softfp.a(uart_reva.o)
                0x00002a5c                MXC_UART_RevA_GetFrequency
 .text.MXC_UART_RevA_SetDataSize
                0x00002b10       0x38 C:/MaximSDK/Libraries/PeriphDrivers/bin/MAX32660/softfp/libPeriphDriver_softfp.a(uart_reva.o)
                0x00002b10                MXC_UART_RevA_SetDataSize
 .text.MXC_UART_RevA_SetStopBits
                0x00002b48       0x3c C:/MaximSDK/Libraries/PeriphDrivers/bin/MAX32660/softfp/libPeriphDriver_softfp.a(uart_reva.o)
                0x00002b48                MXC_UART_RevA_SetStopBits
 .text.MXC_UART_RevA_SetParity
                0x00002b84      0x134 C:/MaximSDK/Libraries/PeriphDrivers/bin/MAX32660/softfp/libPeriphDriver_softfp.a(uart_reva.o)
                0x00002b84                MXC_UART_RevA_SetParity
 .text.MXC_UART_RevA_ReadCharacterRaw
                0x00002cb8       0x2c C:/MaximSDK/Libraries/PeriphDrivers/bin/MAX32660/softfp/libPeriphDriver_softfp.a(uart_reva.o)
                0x00002cb8                MXC_UART_RevA_ReadCharacterRaw
 .text.MXC_UART_RevA_WriteCharacterRaw
                0x00002ce4       0x2c C:/MaximSDK/Libraries/PeriphDrivers/bin/MAX32660/softfp/libPeriphDriver_softfp.a(uart_reva.o)
                0x00002ce4                MXC_UART_RevA_WriteCharacterRaw
 .text.MXC_UART_RevA_GetRXFIFOAvailable
                0x00002d10        0x8 C:/MaximSDK/Libraries/PeriphDrivers/bin/MAX32660/softfp/libPeriphDriver_softfp.a(uart_reva.o)
                0x00002d10                MXC_UART_RevA_GetRXFIFOAvailable
 .text.MXC_UART_RevA_GetTXFIFOAvailable
                0x00002d18        0xc C:/MaximSDK/Libraries/PeriphDrivers/bin/MAX32660/softfp/libPeriphDriver_softfp.a(uart_reva.o)
                0x00002d18                MXC_UART_RevA_GetTXFIFOAvailable
 .text.MXC_UART_RevA_SetRXThreshold
                0x00002d24       0x38 C:/MaximSDK/Libraries/PeriphDrivers/bin/MAX32660/softfp/libPeriphDriver_softfp.a(uart_reva.o)
                0x00002d24                MXC_UART_RevA_SetRXThreshold
 .text.MXC_UART_RevA_SetTXThreshold
                0x00002d5c       0x38 C:/MaximSDK/Libraries/PeriphDrivers/bin/MAX32660/softfp/libPeriphDriver_softfp.a(uart_reva.o)
                0x00002d5c                MXC_UART_RevA_SetTXThreshold
 .text.MXC_GPIO_Common_RegisterCallback
                0x00002d94       0x68 C:/MaximSDK/Libraries/PeriphDrivers/bin/MAX32660/softfp/libPeriphDriver_softfp.a(gpio_common.o)
                0x00002d94                MXC_GPIO_Common_RegisterCallback
 .text.MXC_GPIO_Common_Handler
                0x00002dfc       0x74 C:/MaximSDK/Libraries/PeriphDrivers/bin/MAX32660/softfp/libPeriphDriver_softfp.a(gpio_common.o)
                0x00002dfc                MXC_GPIO_Common_Handler
 .text.MXC_UART_Common_ReadCharacter
                0x00002e70       0x16 C:/MaximSDK/Libraries/PeriphDrivers/bin/MAX32660/softfp/libPeriphDriver_softfp.a(uart_common.o)
                0x00002e70                MXC_UART_Common_ReadCharacter
 .text.MXC_UART_Common_WriteCharacter
                0x00002e86       0x1a C:/MaximSDK/Libraries/PeriphDrivers/bin/MAX32660/softfp/libPeriphDriver_softfp.a(uart_common.o)
                0x00002e86                MXC_UART_Common_WriteCharacter
 .text.__errno  0x00002ea0        0xc c:/maximsdk/tools/gnutools/10.3/bin/../lib/gcc/arm-none-eabi/10.3.1/../../../../arm-none-eabi/lib/thumb/v7e-m+fp/softfp\libc.a(lib_a-errno.o)
                0x00002ea0                __errno
 .text.__libc_init_array
                0x00002eac       0x48 c:/maximsdk/tools/gnutools/10.3/bin/../lib/gcc/arm-none-eabi/10.3.1/../../../../arm-none-eabi/lib/thumb/v7e-m+fp/softfp\libc.a(lib_a-init.o)
                0x00002eac                __libc_init_array
 .text          0x00002ef4      0x134 c:/maximsdk/tools/gnutools/10.3/bin/../lib/gcc/arm-none-eabi/10.3.1/../../../../arm-none-eabi/lib/thumb/v7e-m+fp/softfp\libc.a(lib_a-memcpy.o)
                0x00002ef4                memcpy
 .text.memset   0x00003028       0xa4 c:/maximsdk/tools/gnutools/10.3/bin/../lib/gcc/arm-none-eabi/10.3.1/../../../../arm-none-eabi/lib/thumb/v7e-m+fp/softfp\libc.a(lib_a-memset.o)
                0x00003028                memset
 .text.printf   0x000030cc       0x28 c:/maximsdk/tools/gnutools/10.3/bin/../lib/gcc/arm-none-eabi/10.3.1/../../../../arm-none-eabi/lib/thumb/v7e-m+fp/softfp\libc.a(lib_a-printf.o)
                0x000030cc                printf
 .text._puts_r  0x000030f4       0x9c c:/maximsdk/tools/gnutools/10.3/bin/../lib/gcc/arm-none-eabi/10.3.1/../../../../arm-none-eabi/lib/thumb/v7e-m+fp/softfp\libc.a(lib_a-puts.o)
                0x000030f4                _puts_r
 .text.puts     0x00003190       0x10 c:/maximsdk/tools/gnutools/10.3/bin/../lib/gcc/arm-none-eabi/10.3.1/../../../../arm-none-eabi/lib/thumb/v7e-m+fp/softfp\libc.a(lib_a-puts.o)
                0x00003190                puts
 *fill*         0x000031a0       0x20 
 .text          0x000031c0       0xdc c:/maximsdk/tools/gnutools/10.3/bin/../lib/gcc/arm-none-eabi/10.3.1/../../../../arm-none-eabi/lib/thumb/v7e-m+fp/softfp\libc.a(lib_a-strlen.o)
                0x000031c0                strlen
 *fill*         0x0000329c        0x4 
 .text._vfprintf_r
                0x000032a0     0x1b8c c:/maximsdk/tools/gnutools/10.3/bin/../lib/gcc/arm-none-eabi/10.3.1/../../../../arm-none-eabi/lib/thumb/v7e-m+fp/softfp\libc.a(lib_a-vfprintf.o)
                0x000032a0                _vfprintf_r
 .text.__sbprintf
                0x00004e2c       0x80 c:/maximsdk/tools/gnutools/10.3/bin/../lib/gcc/arm-none-eabi/10.3.1/../../../../arm-none-eabi/lib/thumb/v7e-m+fp/softfp\libc.a(lib_a-vfprintf.o)
 .text.__swsetup_r
                0x00004eac       0xd4 c:/maximsdk/tools/gnutools/10.3/bin/../lib/gcc/arm-none-eabi/10.3.1/../../../../arm-none-eabi/lib/thumb/v7e-m+fp/softfp\libc.a(lib_a-wsetup.o)
                0x00004eac                __swsetup_r
 .text.startup.register_fini
                0x00004f80       0x14 c:/maximsdk/tools/gnutools/10.3/bin/../lib/gcc/arm-none-eabi/10.3.1/../../../../arm-none-eabi/lib/thumb/v7e-m+fp/softfp\libc.a(lib_a-__call_atexit.o)
 .text.atexit   0x00004f94        0xc c:/maximsdk/tools/gnutools/10.3/bin/../lib/gcc/arm-none-eabi/10.3.1/../../../../arm-none-eabi/lib/thumb/v7e-m+fp/softfp\libc.a(lib_a-atexit.o)
                0x00004f94                atexit
 .text.quorem   0x00004fa0      0x128 c:/maximsdk/tools/gnutools/10.3/bin/../lib/gcc/arm-none-eabi/10.3.1/../../../../arm-none-eabi/lib/thumb/v7e-m+fp/softfp\libc.a(lib_a-dtoa.o)
 .text._dtoa_r  0x000050c8      0xf34 c:/maximsdk/tools/gnutools/10.3/bin/../lib/gcc/arm-none-eabi/10.3.1/../../../../arm-none-eabi/lib/thumb/v7e-m+fp/softfp\libc.a(lib_a-dtoa.o)
                0x000050c8                _dtoa_r
 .text.__sflush_r
                0x00005ffc      0x130 c:/maximsdk/tools/gnutools/10.3/bin/../lib/gcc/arm-none-eabi/10.3.1/../../../../arm-none-eabi/lib/thumb/v7e-m+fp/softfp\libc.a(lib_a-fflush.o)
                0x00005ffc                __sflush_r
 .text._fflush_r
                0x0000612c       0x5c c:/maximsdk/tools/gnutools/10.3/bin/../lib/gcc/arm-none-eabi/10.3.1/../../../../arm-none-eabi/lib/thumb/v7e-m+fp/softfp\libc.a(lib_a-fflush.o)
                0x0000612c                _fflush_r
 .text._cleanup_r
                0x00006188        0xc c:/maximsdk/tools/gnutools/10.3/bin/../lib/gcc/arm-none-eabi/10.3.1/../../../../arm-none-eabi/lib/thumb/v7e-m+fp/softfp\libc.a(lib_a-findfp.o)
                0x00006188                _cleanup_r
 .text.__sinit  0x00006194      0x10c c:/maximsdk/tools/gnutools/10.3/bin/../lib/gcc/arm-none-eabi/10.3.1/../../../../arm-none-eabi/lib/thumb/v7e-m+fp/softfp\libc.a(lib_a-findfp.o)
                0x00006194                __sinit
 .text.__sfp_lock_acquire
                0x000062a0        0xc c:/maximsdk/tools/gnutools/10.3/bin/../lib/gcc/arm-none-eabi/10.3.1/../../../../arm-none-eabi/lib/thumb/v7e-m+fp/softfp\libc.a(lib_a-findfp.o)
                0x000062a0                __sfp_lock_acquire
 .text.__sfp_lock_release
                0x000062ac        0xc c:/maximsdk/tools/gnutools/10.3/bin/../lib/gcc/arm-none-eabi/10.3.1/../../../../arm-none-eabi/lib/thumb/v7e-m+fp/softfp\libc.a(lib_a-findfp.o)
                0x000062ac                __sfp_lock_release
 .text.__libc_fini_array
                0x000062b8       0x2c c:/maximsdk/tools/gnutools/10.3/bin/../lib/gcc/arm-none-eabi/10.3.1/../../../../arm-none-eabi/lib/thumb/v7e-m+fp/softfp\libc.a(lib_a-fini.o)
                0x000062b8                __libc_fini_array
 .text._malloc_trim_r
                0x000062e4       0xa0 c:/maximsdk/tools/gnutools/10.3/bin/../lib/gcc/arm-none-eabi/10.3.1/../../../../arm-none-eabi/lib/thumb/v7e-m+fp/softfp\libc.a(lib_a-freer.o)
                0x000062e4                _malloc_trim_r
 .text._free_r  0x00006384      0x20c c:/maximsdk/tools/gnutools/10.3/bin/../lib/gcc/arm-none-eabi/10.3.1/../../../../arm-none-eabi/lib/thumb/v7e-m+fp/softfp\libc.a(lib_a-freer.o)
                0x00006384                _free_r
 .text.__sfvwrite_r
                0x00006590      0x2f0 c:/maximsdk/tools/gnutools/10.3/bin/../lib/gcc/arm-none-eabi/10.3.1/../../../../arm-none-eabi/lib/thumb/v7e-m+fp/softfp\libc.a(lib_a-fvwrite.o)
                0x00006590                __sfvwrite_r
 .text._fwalk_reent
                0x00006880       0x48 c:/maximsdk/tools/gnutools/10.3/bin/../lib/gcc/arm-none-eabi/10.3.1/../../../../arm-none-eabi/lib/thumb/v7e-m+fp/softfp\libc.a(lib_a-fwalk.o)
                0x00006880                _fwalk_reent
 .text._localeconv_r
                0x000068c8        0x8 c:/maximsdk/tools/gnutools/10.3/bin/../lib/gcc/arm-none-eabi/10.3.1/../../../../arm-none-eabi/lib/thumb/v7e-m+fp/softfp\libc.a(lib_a-localeconv.o)
                0x000068c8                _localeconv_r
 .text.__retarget_lock_init_recursive
                0x000068d0        0x4 c:/maximsdk/tools/gnutools/10.3/bin/../lib/gcc/arm-none-eabi/10.3.1/../../../../arm-none-eabi/lib/thumb/v7e-m+fp/softfp\libc.a(lib_a-lock.o)
                0x000068d0                __retarget_lock_init_recursive
 .text.__retarget_lock_close_recursive
                0x000068d4        0x4 c:/maximsdk/tools/gnutools/10.3/bin/../lib/gcc/arm-none-eabi/10.3.1/../../../../arm-none-eabi/lib/thumb/v7e-m+fp/softfp\libc.a(lib_a-lock.o)
                0x000068d4                __retarget_lock_close_recursive
 .text.__retarget_lock_acquire_recursive
                0x000068d8        0x4 c:/maximsdk/tools/gnutools/10.3/bin/../lib/gcc/arm-none-eabi/10.3.1/../../../../arm-none-eabi/lib/thumb/v7e-m+fp/softfp\libc.a(lib_a-lock.o)
                0x000068d8                __retarget_lock_acquire_recursive
 .text.__retarget_lock_release_recursive
                0x000068dc        0x4 c:/maximsdk/tools/gnutools/10.3/bin/../lib/gcc/arm-none-eabi/10.3.1/../../../../arm-none-eabi/lib/thumb/v7e-m+fp/softfp\libc.a(lib_a-lock.o)
                0x000068dc                __retarget_lock_release_recursive
 .text.__smakebuf_r
                0x000068e0       0xe0 c:/maximsdk/tools/gnutools/10.3/bin/../lib/gcc/arm-none-eabi/10.3.1/../../../../arm-none-eabi/lib/thumb/v7e-m+fp/softfp\libc.a(lib_a-makebuf.o)
                0x000068e0                __smakebuf_r
 .text._malloc_r
                0x000069c0      0x560 c:/maximsdk/tools/gnutools/10.3/bin/../lib/gcc/arm-none-eabi/10.3.1/../../../../arm-none-eabi/lib/thumb/v7e-m+fp/softfp\libc.a(lib_a-mallocr.o)
                0x000069c0                _malloc_r
 .text          0x00006f20       0xa0 c:/maximsdk/tools/gnutools/10.3/bin/../lib/gcc/arm-none-eabi/10.3.1/../../../../arm-none-eabi/lib/thumb/v7e-m+fp/softfp\libc.a(lib_a-memchr.o)
                0x00006f20                memchr
 .text.memmove  0x00006fc0       0xf8 c:/maximsdk/tools/gnutools/10.3/bin/../lib/gcc/arm-none-eabi/10.3.1/../../../../arm-none-eabi/lib/thumb/v7e-m+fp/softfp\libc.a(lib_a-memmove.o)
                0x00006fc0                memmove
 .text.__malloc_lock
                0x000070b8        0xc c:/maximsdk/tools/gnutools/10.3/bin/../lib/gcc/arm-none-eabi/10.3.1/../../../../arm-none-eabi/lib/thumb/v7e-m+fp/softfp\libc.a(lib_a-mlock.o)
                0x000070b8                __malloc_lock
 .text.__malloc_unlock
                0x000070c4        0xc c:/maximsdk/tools/gnutools/10.3/bin/../lib/gcc/arm-none-eabi/10.3.1/../../../../arm-none-eabi/lib/thumb/v7e-m+fp/softfp\libc.a(lib_a-mlock.o)
                0x000070c4                __malloc_unlock
 .text._Balloc  0x000070d0       0x4c c:/maximsdk/tools/gnutools/10.3/bin/../lib/gcc/arm-none-eabi/10.3.1/../../../../arm-none-eabi/lib/thumb/v7e-m+fp/softfp\libc.a(lib_a-mprec.o)
                0x000070d0                _Balloc
 .text._Bfree   0x0000711c       0x14 c:/maximsdk/tools/gnutools/10.3/bin/../lib/gcc/arm-none-eabi/10.3.1/../../../../arm-none-eabi/lib/thumb/v7e-m+fp/softfp\libc.a(lib_a-mprec.o)
                0x0000711c                _Bfree
 .text.__multadd
                0x00007130       0xa8 c:/maximsdk/tools/gnutools/10.3/bin/../lib/gcc/arm-none-eabi/10.3.1/../../../../arm-none-eabi/lib/thumb/v7e-m+fp/softfp\libc.a(lib_a-mprec.o)
                0x00007130                __multadd
 .text.__hi0bits
                0x000071d8       0x40 c:/maximsdk/tools/gnutools/10.3/bin/../lib/gcc/arm-none-eabi/10.3.1/../../../../arm-none-eabi/lib/thumb/v7e-m+fp/softfp\libc.a(lib_a-mprec.o)
                0x000071d8                __hi0bits
 .text.__lo0bits
                0x00007218       0x60 c:/maximsdk/tools/gnutools/10.3/bin/../lib/gcc/arm-none-eabi/10.3.1/../../../../arm-none-eabi/lib/thumb/v7e-m+fp/softfp\libc.a(lib_a-mprec.o)
                0x00007218                __lo0bits
 .text.__i2b    0x00007278       0x5c c:/maximsdk/tools/gnutools/10.3/bin/../lib/gcc/arm-none-eabi/10.3.1/../../../../arm-none-eabi/lib/thumb/v7e-m+fp/softfp\libc.a(lib_a-mprec.o)
                0x00007278                __i2b
 .text.__multiply
                0x000072d4      0x15c c:/maximsdk/tools/gnutools/10.3/bin/../lib/gcc/arm-none-eabi/10.3.1/../../../../arm-none-eabi/lib/thumb/v7e-m+fp/softfp\libc.a(lib_a-mprec.o)
                0x000072d4                __multiply
 .text.__pow5mult
                0x00007430       0xc0 c:/maximsdk/tools/gnutools/10.3/bin/../lib/gcc/arm-none-eabi/10.3.1/../../../../arm-none-eabi/lib/thumb/v7e-m+fp/softfp\libc.a(lib_a-mprec.o)
                0x00007430                __pow5mult
 .text.__lshift
                0x000074f0       0xf0 c:/maximsdk/tools/gnutools/10.3/bin/../lib/gcc/arm-none-eabi/10.3.1/../../../../arm-none-eabi/lib/thumb/v7e-m+fp/softfp\libc.a(lib_a-mprec.o)
                0x000074f0                __lshift
 .text.__mcmp   0x000075e0       0x44 c:/maximsdk/tools/gnutools/10.3/bin/../lib/gcc/arm-none-eabi/10.3.1/../../../../arm-none-eabi/lib/thumb/v7e-m+fp/softfp\libc.a(lib_a-mprec.o)
                0x000075e0                __mcmp
 .text.__mdiff  0x00007624      0x14c c:/maximsdk/tools/gnutools/10.3/bin/../lib/gcc/arm-none-eabi/10.3.1/../../../../arm-none-eabi/lib/thumb/v7e-m+fp/softfp\libc.a(lib_a-mprec.o)
                0x00007624                __mdiff
 .text.__d2b    0x00007770       0xc4 c:/maximsdk/tools/gnutools/10.3/bin/../lib/gcc/arm-none-eabi/10.3.1/../../../../arm-none-eabi/lib/thumb/v7e-m+fp/softfp\libc.a(lib_a-mprec.o)
                0x00007770                __d2b
 .text._realloc_r
                0x00007834      0x3d8 c:/maximsdk/tools/gnutools/10.3/bin/../lib/gcc/arm-none-eabi/10.3.1/../../../../arm-none-eabi/lib/thumb/v7e-m+fp/softfp\libc.a(lib_a-reallocr.o)
                0x00007834                _realloc_r
 .text.frexp    0x00007c0c       0x70 c:/maximsdk/tools/gnutools/10.3/bin/../lib/gcc/arm-none-eabi/10.3.1/../../../../arm-none-eabi/lib/thumb/v7e-m+fp/softfp\libc.a(lib_a-s_frexp.o)
                0x00007c0c                frexp
 .text._sbrk_r  0x00007c7c       0x24 c:/maximsdk/tools/gnutools/10.3/bin/../lib/gcc/arm-none-eabi/10.3.1/../../../../arm-none-eabi/lib/thumb/v7e-m+fp/softfp\libc.a(lib_a-sbrkr.o)
                0x00007c7c                _sbrk_r
 .text.__sread  0x00007ca0       0x24 c:/maximsdk/tools/gnutools/10.3/bin/../lib/gcc/arm-none-eabi/10.3.1/../../../../arm-none-eabi/lib/thumb/v7e-m+fp/softfp\libc.a(lib_a-stdio.o)
                0x00007ca0                __sread
 .text.__swrite
                0x00007cc4       0x40 c:/maximsdk/tools/gnutools/10.3/bin/../lib/gcc/arm-none-eabi/10.3.1/../../../../arm-none-eabi/lib/thumb/v7e-m+fp/softfp\libc.a(lib_a-stdio.o)
                0x00007cc4                __swrite
 .text.__sseek  0x00007d04       0x20 c:/maximsdk/tools/gnutools/10.3/bin/../lib/gcc/arm-none-eabi/10.3.1/../../../../arm-none-eabi/lib/thumb/v7e-m+fp/softfp\libc.a(lib_a-stdio.o)
                0x00007d04                __sseek
 .text.__sclose
                0x00007d24        0x8 c:/maximsdk/tools/gnutools/10.3/bin/../lib/gcc/arm-none-eabi/10.3.1/../../../../arm-none-eabi/lib/thumb/v7e-m+fp/softfp\libc.a(lib_a-stdio.o)
                0x00007d24                __sclose
 .text.strncpy  0x00007d2c       0x64 c:/maximsdk/tools/gnutools/10.3/bin/../lib/gcc/arm-none-eabi/10.3.1/../../../../arm-none-eabi/lib/thumb/v7e-m+fp/softfp\libc.a(lib_a-strncpy.o)
                0x00007d2c                strncpy
 .text.__sprint_r.part.0
                0x00007d90       0x78 c:/maximsdk/tools/gnutools/10.3/bin/../lib/gcc/arm-none-eabi/10.3.1/../../../../arm-none-eabi/lib/thumb/v7e-m+fp/softfp\libc.a(lib_a-vfiprintf.o)
 .text.__sprint_r
                0x00007e08       0x18 c:/maximsdk/tools/gnutools/10.3/bin/../lib/gcc/arm-none-eabi/10.3.1/../../../../arm-none-eabi/lib/thumb/v7e-m+fp/softfp\libc.a(lib_a-vfiprintf.o)
                0x00007e08                __sprint_r
 .text._vfiprintf_r
                0x00007e20      0xdfc c:/maximsdk/tools/gnutools/10.3/bin/../lib/gcc/arm-none-eabi/10.3.1/../../../../arm-none-eabi/lib/thumb/v7e-m+fp/softfp\libc.a(lib_a-vfiprintf.o)
                0x00007e20                _vfiprintf_r
 .text.__sbprintf
                0x00008c1c       0x80 c:/maximsdk/tools/gnutools/10.3/bin/../lib/gcc/arm-none-eabi/10.3.1/../../../../arm-none-eabi/lib/thumb/v7e-m+fp/softfp\libc.a(lib_a-vfiprintf.o)
 .text.__swbuf_r
                0x00008c9c       0xb0 c:/maximsdk/tools/gnutools/10.3/bin/../lib/gcc/arm-none-eabi/10.3.1/../../../../arm-none-eabi/lib/thumb/v7e-m+fp/softfp\libc.a(lib_a-wbuf.o)
                0x00008c9c                __swbuf_r
 .text._write_r
                0x00008d4c       0x2c c:/maximsdk/tools/gnutools/10.3/bin/../lib/gcc/arm-none-eabi/10.3.1/../../../../arm-none-eabi/lib/thumb/v7e-m+fp/softfp\libc.a(lib_a-writer.o)
                0x00008d4c                _write_r
 .text.__register_exitproc
                0x00008d78       0x8c c:/maximsdk/tools/gnutools/10.3/bin/../lib/gcc/arm-none-eabi/10.3.1/../../../../arm-none-eabi/lib/thumb/v7e-m+fp/softfp\libc.a(lib_a-__atexit.o)
                0x00008d78                __register_exitproc
 .text.__assert_func
                0x00008e04       0x40 c:/maximsdk/tools/gnutools/10.3/bin/../lib/gcc/arm-none-eabi/10.3.1/../../../../arm-none-eabi/lib/thumb/v7e-m+fp/softfp\libc.a(lib_a-assert.o)
                0x00008e04                __assert_func
 .text._calloc_r
                0x00008e44       0x78 c:/maximsdk/tools/gnutools/10.3/bin/../lib/gcc/arm-none-eabi/10.3.1/../../../../arm-none-eabi/lib/thumb/v7e-m+fp/softfp\libc.a(lib_a-callocr.o)
                0x00008e44                _calloc_r
 .text._close_r
                0x00008ebc       0x24 c:/maximsdk/tools/gnutools/10.3/bin/../lib/gcc/arm-none-eabi/10.3.1/../../../../arm-none-eabi/lib/thumb/v7e-m+fp/softfp\libc.a(lib_a-closer.o)
                0x00008ebc                _close_r
 .text._fclose_r
                0x00008ee0       0xcc c:/maximsdk/tools/gnutools/10.3/bin/../lib/gcc/arm-none-eabi/10.3.1/../../../../arm-none-eabi/lib/thumb/v7e-m+fp/softfp\libc.a(lib_a-fclose.o)
                0x00008ee0                _fclose_r
 .text.fiprintf
                0x00008fac       0x28 c:/maximsdk/tools/gnutools/10.3/bin/../lib/gcc/arm-none-eabi/10.3.1/../../../../arm-none-eabi/lib/thumb/v7e-m+fp/softfp\libc.a(lib_a-fiprintf.o)
                0x00008fac                fiprintf
 .text.__fputwc
                0x00008fd4       0xa8 c:/maximsdk/tools/gnutools/10.3/bin/../lib/gcc/arm-none-eabi/10.3.1/../../../../arm-none-eabi/lib/thumb/v7e-m+fp/softfp\libc.a(lib_a-fputwc.o)
                0x00008fd4                __fputwc
 .text._fputwc_r
                0x0000907c       0x68 c:/maximsdk/tools/gnutools/10.3/bin/../lib/gcc/arm-none-eabi/10.3.1/../../../../arm-none-eabi/lib/thumb/v7e-m+fp/softfp\libc.a(lib_a-fputwc.o)
                0x0000907c                _fputwc_r
 .text._fstat_r
                0x000090e4       0x2c c:/maximsdk/tools/gnutools/10.3/bin/../lib/gcc/arm-none-eabi/10.3.1/../../../../arm-none-eabi/lib/thumb/v7e-m+fp/softfp\libc.a(lib_a-fstatr.o)
                0x000090e4                _fstat_r
 .text._isatty_r
                0x00009110       0x24 c:/maximsdk/tools/gnutools/10.3/bin/../lib/gcc/arm-none-eabi/10.3.1/../../../../arm-none-eabi/lib/thumb/v7e-m+fp/softfp\libc.a(lib_a-isattyr.o)
                0x00009110                _isatty_r
 .text.__locale_mb_cur_max
                0x00009134        0xc c:/maximsdk/tools/gnutools/10.3/bin/../lib/gcc/arm-none-eabi/10.3.1/../../../../arm-none-eabi/lib/thumb/v7e-m+fp/softfp\libc.a(lib_a-locale.o)
                0x00009134                __locale_mb_cur_max
 .text._lseek_r
                0x00009140       0x2c c:/maximsdk/tools/gnutools/10.3/bin/../lib/gcc/arm-none-eabi/10.3.1/../../../../arm-none-eabi/lib/thumb/v7e-m+fp/softfp\libc.a(lib_a-lseekr.o)
                0x00009140                _lseek_r
 .text.__ascii_mbtowc
                0x0000916c       0x2c c:/maximsdk/tools/gnutools/10.3/bin/../lib/gcc/arm-none-eabi/10.3.1/../../../../arm-none-eabi/lib/thumb/v7e-m+fp/softfp\libc.a(lib_a-mbtowc_r.o)
                0x0000916c                __ascii_mbtowc
 .text._read_r  0x00009198       0x2c c:/maximsdk/tools/gnutools/10.3/bin/../lib/gcc/arm-none-eabi/10.3.1/../../../../arm-none-eabi/lib/thumb/v7e-m+fp/softfp\libc.a(lib_a-readr.o)
                0x00009198                _read_r
 .text._wcrtomb_r
                0x000091c4       0x3c c:/maximsdk/tools/gnutools/10.3/bin/../lib/gcc/arm-none-eabi/10.3.1/../../../../arm-none-eabi/lib/thumb/v7e-m+fp/softfp\libc.a(lib_a-wcrtomb.o)
                0x000091c4                _wcrtomb_r
 .text.__ascii_wctomb
                0x00009200       0x1c c:/maximsdk/tools/gnutools/10.3/bin/../lib/gcc/arm-none-eabi/10.3.1/../../../../arm-none-eabi/lib/thumb/v7e-m+fp/softfp\libc.a(lib_a-wctomb_r.o)
                0x00009200                __ascii_wctomb
 .text.abort    0x0000921c       0x10 c:/maximsdk/tools/gnutools/10.3/bin/../lib/gcc/arm-none-eabi/10.3.1/../../../../arm-none-eabi/lib/thumb/v7e-m+fp/softfp\libc.a(lib_a-abort.o)
                0x0000921c                abort
 .text.raise    0x0000922c       0x5c c:/maximsdk/tools/gnutools/10.3/bin/../lib/gcc/arm-none-eabi/10.3.1/../../../../arm-none-eabi/lib/thumb/v7e-m+fp/softfp\libc.a(lib_a-signal.o)
                0x0000922c                raise
 .text._kill_r  0x00009288       0x2c c:/maximsdk/tools/gnutools/10.3/bin/../lib/gcc/arm-none-eabi/10.3.1/../../../../arm-none-eabi/lib/thumb/v7e-m+fp/softfp\libc.a(lib_a-signalr.o)
                0x00009288                _kill_r
 .text._getpid_r
                0x000092b4        0x4 c:/maximsdk/tools/gnutools/10.3/bin/../lib/gcc/arm-none-eabi/10.3.1/../../../../arm-none-eabi/lib/thumb/v7e-m+fp/softfp\libc.a(lib_a-signalr.o)
                0x000092b4                _getpid_r
 .text._getpid  0x000092b8       0x10 c:/maximsdk/tools/gnutools/10.3/bin/../lib/gcc/arm-none-eabi/10.3.1/../../../../arm-none-eabi/lib/thumb/v7e-m+fp/softfp\libnosys.a(getpid.o)
                0x000092b8                _getpid
 .text._kill    0x000092c8       0x10 c:/maximsdk/tools/gnutools/10.3/bin/../lib/gcc/arm-none-eabi/10.3.1/../../../../arm-none-eabi/lib/thumb/v7e-m+fp/softfp\libnosys.a(kill.o)
                0x000092c8                _kill
 .text._exit    0x000092d8        0x4 c:/maximsdk/tools/gnutools/10.3/bin/../lib/gcc/arm-none-eabi/10.3.1/../../../../arm-none-eabi/lib/thumb/v7e-m+fp/softfp\libnosys.a(_exit.o)
                0x000092d8                _exit
 .text          0x000092dc      0x378 c:/maximsdk/tools/gnutools/10.3/bin/../lib/gcc/arm-none-eabi/10.3.1/thumb/v7e-m+fp/softfp\libgcc.a(_arm_addsubdf3.o)
                0x000092dc                __aeabi_drsub
                0x000092e4                __aeabi_dsub
                0x000092e4                __subdf3
                0x000092e8                __aeabi_dadd
                0x000092e8                __adddf3
                0x00009560                __floatunsidf
                0x00009560                __aeabi_ui2d
                0x00009580                __floatsidf
                0x00009580                __aeabi_i2d
                0x000095a4                __aeabi_f2d
                0x000095a4                __extendsfdf2
                0x000095e8                __floatundidf
                0x000095e8                __aeabi_ul2d
                0x000095f8                __floatdidf
                0x000095f8                __aeabi_l2d
 .text          0x00009654      0x424 c:/maximsdk/tools/gnutools/10.3/bin/../lib/gcc/arm-none-eabi/10.3.1/thumb/v7e-m+fp/softfp\libgcc.a(_arm_muldivdf3.o)
                0x00009654                __aeabi_dmul
                0x00009654                __muldf3
                0x000098a8                __divdf3
                0x000098a8                __aeabi_ddiv
 .text          0x00009a78      0x110 c:/maximsdk/tools/gnutools/10.3/bin/../lib/gcc/arm-none-eabi/10.3.1/thumb/v7e-m+fp/softfp\libgcc.a(_arm_cmpdf2.o)
                0x00009a78                __gtdf2
                0x00009a78                __gedf2
                0x00009a80                __ltdf2
                0x00009a80                __ledf2
                0x00009a88                __nedf2
                0x00009a88                __eqdf2
                0x00009a88                __cmpdf2
                0x00009b04                __aeabi_cdrcmple
                0x00009b14                __aeabi_cdcmpeq
                0x00009b14                __aeabi_cdcmple
                0x00009b24                __aeabi_dcmpeq
                0x00009b38                __aeabi_dcmplt
                0x00009b4c                __aeabi_dcmple
                0x00009b60                __aeabi_dcmpge
                0x00009b74                __aeabi_dcmpgt
 .text          0x00009b88       0x2c c:/maximsdk/tools/gnutools/10.3/bin/../lib/gcc/arm-none-eabi/10.3.1/thumb/v7e-m+fp/softfp\libgcc.a(_arm_unorddf2.o)
                0x00009b88                __unorddf2
                0x00009b88                __aeabi_dcmpun
 .text          0x00009bb4       0x50 c:/maximsdk/tools/gnutools/10.3/bin/../lib/gcc/arm-none-eabi/10.3.1/thumb/v7e-m+fp/softfp\libgcc.a(_arm_fixdfsi.o)
                0x00009bb4                __aeabi_d2iz
                0x00009bb4                __fixdfsi
 .text          0x00009c04       0x30 c:/maximsdk/tools/gnutools/10.3/bin/../lib/gcc/arm-none-eabi/10.3.1/thumb/v7e-m+fp/softfp\libgcc.a(_aeabi_uldivmod.o)
                0x00009c04                __aeabi_uldivmod
 .text          0x00009c34      0x2d0 c:/maximsdk/tools/gnutools/10.3/bin/../lib/gcc/arm-none-eabi/10.3.1/thumb/v7e-m+fp/softfp\libgcc.a(_udivmoddi4.o)
                0x00009c34                __udivmoddi4
 .text          0x00009f04        0x4 c:/maximsdk/tools/gnutools/10.3/bin/../lib/gcc/arm-none-eabi/10.3.1/thumb/v7e-m+fp/softfp\libgcc.a(_dvmd_tls.o)
                0x00009f04                __aeabi_idiv0
                0x00009f04                __aeabi_ldiv0
 *(.rodata*)
 .rodata.VBUS_ADC_Voltage_print.str1.4
                0x00009f08      0x3a5 C:/Users/ahammad.n/Desktop/Maxim_Micro_Workspace/VR_Headset_Charging_Solution_API/build/Functions.o
 *fill*         0x0000a2ad        0x3 
 .rodata.Port_current_print.str1.4
                0x0000a2b0       0xa0 C:/Users/ahammad.n/Desktop/Maxim_Micro_Workspace/VR_Headset_Charging_Solution_API/build/Functions.o
 .rodata.PD_Message_Print.str1.4
                0x0000a350      0x723 C:/Users/ahammad.n/Desktop/Maxim_Micro_Workspace/VR_Headset_Charging_Solution_API/build/Functions.o
 *fill*         0x0000aa73        0x1 
 .rodata.Port_Detection_Status_Voltage_current_Read.str1.4
                0x0000aa74      0x247 C:/Users/ahammad.n/Desktop/Maxim_Micro_Workspace/VR_Headset_Charging_Solution_API/build/Functions.o
                                0x25b (size before relaxing)
 *fill*         0x0000acbb        0x1 
 .rodata.SOC_Indicator.str1.4
                0x0000acbc       0x2d C:/Users/ahammad.n/Desktop/Maxim_Micro_Workspace/VR_Headset_Charging_Solution_API/build/Functions.o
 *fill*         0x0000ace9        0x3 
 .rodata.Read_and_Clear_Interrupts.str1.4
                0x0000acec       0x52 C:/Users/ahammad.n/Desktop/Maxim_Micro_Workspace/VR_Headset_Charging_Solution_API/build/Functions.o
 *fill*         0x0000ad3e        0x2 
 .rodata.MAX17262_EZ_Initialization.str1.4
                0x0000ad40       0x48 C:/Users/ahammad.n/Desktop/Maxim_Micro_Workspace/VR_Headset_Charging_Solution_API/build/Functions.o
 .rodata.Dynamic_Voltage_Neg_CV_Charg.str1.4
                0x0000ad88       0x1a C:/Users/ahammad.n/Desktop/Maxim_Micro_Workspace/VR_Headset_Charging_Solution_API/build/Functions.o
 *fill*         0x0000ada2        0x2 
 .rodata.main.str1.4
                0x0000ada4      0x153 C:/Users/ahammad.n/Desktop/Maxim_Micro_Workspace/VR_Headset_Charging_Solution_API/build/main.o
 *fill*         0x0000aef7        0x1 
 .rodata.mxc_assert.str1.4
                0x0000aef8       0x19 C:/Users/ahammad.n/Desktop/Maxim_Micro_Workspace/VR_Headset_Charging_Solution_API/build/board.o
 *fill*         0x0000af11        0x3 
 .rodata.Board_Init.str1.4
                0x0000af14       0x45 C:/Users/ahammad.n/Desktop/Maxim_Micro_Workspace/VR_Headset_Charging_Solution_API/build/board.o
 *fill*         0x0000af59        0x3 
 .rodata.led_pin
                0x0000af5c        0xc C:/Users/ahammad.n/Desktop/Maxim_Micro_Workspace/VR_Headset_Charging_Solution_API/build/board.o
                0x0000af5c                led_pin
 .rodata.num_leds
                0x0000af68        0x4 C:/Users/ahammad.n/Desktop/Maxim_Micro_Workspace/VR_Headset_Charging_Solution_API/build/board.o
                0x0000af68                num_leds
 .rodata.num_pbs
                0x0000af6c        0x4 C:/Users/ahammad.n/Desktop/Maxim_Micro_Workspace/VR_Headset_Charging_Solution_API/build/board.o
                0x0000af6c                num_pbs
 .rodata.pb_pin
                0x0000af70        0xc C:/Users/ahammad.n/Desktop/Maxim_Micro_Workspace/VR_Headset_Charging_Solution_API/build/board.o
                0x0000af70                pb_pin
 .rodata.LED_On.str1.4
                0x0000af7c       0x4f C:/Users/ahammad.n/Desktop/Maxim_Micro_Workspace/VR_Headset_Charging_Solution_API/build/led.o
 *fill*         0x0000afcb        0x1 
 .rodata.gpio_cfg_i2c0
                0x0000afcc        0xc C:/MaximSDK/Libraries/PeriphDrivers/bin/MAX32660/softfp/libPeriphDriver_softfp.a(pins_me11.o)
                0x0000afcc                gpio_cfg_i2c0
 .rodata.gpio_cfg_i2c1
                0x0000afd8        0xc C:/MaximSDK/Libraries/PeriphDrivers/bin/MAX32660/softfp/libPeriphDriver_softfp.a(pins_me11.o)
                0x0000afd8                gpio_cfg_i2c1
 .rodata.gpio_cfg_uart0
                0x0000afe4        0xc C:/MaximSDK/Libraries/PeriphDrivers/bin/MAX32660/softfp/libPeriphDriver_softfp.a(pins_me11.o)
                0x0000afe4                gpio_cfg_uart0
 .rodata.gpio_cfg_uart1a
                0x0000aff0        0xc C:/MaximSDK/Libraries/PeriphDrivers/bin/MAX32660/softfp/libPeriphDriver_softfp.a(pins_me11.o)
                0x0000aff0                gpio_cfg_uart1a
 .rodata.gpio_cfg_uart1b
                0x0000affc        0xc C:/MaximSDK/Libraries/PeriphDrivers/bin/MAX32660/softfp/libPeriphDriver_softfp.a(pins_me11.o)
                0x0000affc                gpio_cfg_uart1b
 .rodata.gpio_cfg_uart1c
                0x0000b008        0xc C:/MaximSDK/Libraries/PeriphDrivers/bin/MAX32660/softfp/libPeriphDriver_softfp.a(pins_me11.o)
                0x0000b008                gpio_cfg_uart1c
 .rodata.MXC_GPIO_Common_Handler.str1.4
                0x0000b014       0x66 C:/MaximSDK/Libraries/PeriphDrivers/bin/MAX32660/softfp/libPeriphDriver_softfp.a(gpio_common.o)
 *fill*         0x0000b07a        0x2 
 .rodata._global_impure_ptr
                0x0000b07c        0x4 c:/maximsdk/tools/gnutools/10.3/bin/../lib/gcc/arm-none-eabi/10.3.1/../../../../arm-none-eabi/lib/thumb/v7e-m+fp/softfp\libc.a(lib_a-impure.o)
                0x0000b07c                _global_impure_ptr
 .rodata._puts_r.str1.4
                0x0000b080       0x66 c:/maximsdk/tools/gnutools/10.3/bin/../lib/gcc/arm-none-eabi/10.3.1/../../../../arm-none-eabi/lib/thumb/v7e-m+fp/softfp\libc.a(lib_a-puts.o)
                                  0x2 (size before relaxing)
 .rodata._vfprintf_r.str1.4
                0x0000b080       0x42 c:/maximsdk/tools/gnutools/10.3/bin/../lib/gcc/arm-none-eabi/10.3.1/../../../../arm-none-eabi/lib/thumb/v7e-m+fp/softfp\libc.a(lib_a-vfprintf.o)
 *fill*         0x0000b0c2        0x2 
 .rodata.blanks.1
                0x0000b0c4       0x10 c:/maximsdk/tools/gnutools/10.3/bin/../lib/gcc/arm-none-eabi/10.3.1/../../../../arm-none-eabi/lib/thumb/v7e-m+fp/softfp\libc.a(lib_a-vfprintf.o)
 .rodata.zeroes.0
                0x0000b0d4       0x10 c:/maximsdk/tools/gnutools/10.3/bin/../lib/gcc/arm-none-eabi/10.3.1/../../../../arm-none-eabi/lib/thumb/v7e-m+fp/softfp\libc.a(lib_a-vfprintf.o)
 .rodata._dtoa_r.str1.4
                0x0000b0e4       0xa2 c:/maximsdk/tools/gnutools/10.3/bin/../lib/gcc/arm-none-eabi/10.3.1/../../../../arm-none-eabi/lib/thumb/v7e-m+fp/softfp\libc.a(lib_a-dtoa.o)
                                 0xa6 (size before relaxing)
 *fill*         0x0000b186        0x2 
 .rodata.__multadd.str1.4
                0x0000b188       0x7f c:/maximsdk/tools/gnutools/10.3/bin/../lib/gcc/arm-none-eabi/10.3.1/../../../../arm-none-eabi/lib/thumb/v7e-m+fp/softfp\libc.a(lib_a-mprec.o)
                                 0x93 (size before relaxing)
 *fill*         0x0000b207        0x1 
 .rodata.__mprec_bigtens
                0x0000b208       0x28 c:/maximsdk/tools/gnutools/10.3/bin/../lib/gcc/arm-none-eabi/10.3.1/../../../../arm-none-eabi/lib/thumb/v7e-m+fp/softfp\libc.a(lib_a-mprec.o)
                0x0000b208                __mprec_bigtens
 .rodata.__mprec_tens
                0x0000b230       0xc8 c:/maximsdk/tools/gnutools/10.3/bin/../lib/gcc/arm-none-eabi/10.3.1/../../../../arm-none-eabi/lib/thumb/v7e-m+fp/softfp\libc.a(lib_a-mprec.o)
                0x0000b230                __mprec_tens
 .rodata.p05.0  0x0000b2f8        0xc c:/maximsdk/tools/gnutools/10.3/bin/../lib/gcc/arm-none-eabi/10.3.1/../../../../arm-none-eabi/lib/thumb/v7e-m+fp/softfp\libc.a(lib_a-mprec.o)
 .rodata._vfiprintf_r.str1.4
                0x0000b304       0x2f c:/maximsdk/tools/gnutools/10.3/bin/../lib/gcc/arm-none-eabi/10.3.1/../../../../arm-none-eabi/lib/thumb/v7e-m+fp/softfp\libc.a(lib_a-vfiprintf.o)
 .rodata.blanks.1
                0x0000b304       0x10 c:/maximsdk/tools/gnutools/10.3/bin/../lib/gcc/arm-none-eabi/10.3.1/../../../../arm-none-eabi/lib/thumb/v7e-m+fp/softfp\libc.a(lib_a-vfiprintf.o)
 .rodata.zeroes.0
                0x0000b314       0x10 c:/maximsdk/tools/gnutools/10.3/bin/../lib/gcc/arm-none-eabi/10.3.1/../../../../arm-none-eabi/lib/thumb/v7e-m+fp/softfp\libc.a(lib_a-vfiprintf.o)
 .rodata.__assert_func.str1.4
                0x0000b324       0x3f c:/maximsdk/tools/gnutools/10.3/bin/../lib/gcc/arm-none-eabi/10.3.1/../../../../arm-none-eabi/lib/thumb/v7e-m+fp/softfp\libc.a(lib_a-assert.o)
                                 0x43 (size before relaxing)
 *fill*         0x0000b363        0x1 
 .rodata._setlocale_r.str1.4
                0x0000b364        0xa c:/maximsdk/tools/gnutools/10.3/bin/../lib/gcc/arm-none-eabi/10.3.1/../../../../arm-none-eabi/lib/thumb/v7e-m+fp/softfp\libc.a(lib_a-locale.o)
                                  0xd (size before relaxing)
 *fill*         0x0000b36e        0x2 
 .rodata.str1.4
                0x0000b370        0x2 c:/maximsdk/tools/gnutools/10.3/bin/../lib/gcc/arm-none-eabi/10.3.1/../../../../arm-none-eabi/lib/thumb/v7e-m+fp/softfp\libc.a(lib_a-locale.o)
 *fill*         0x0000b372        0x2 
 .rodata._ctype_
                0x0000b374      0x101 c:/maximsdk/tools/gnutools/10.3/bin/../lib/gcc/arm-none-eabi/10.3.1/../../../../arm-none-eabi/lib/thumb/v7e-m+fp/softfp\libc.a(lib_a-ctype_.o)
                0x0000b374                _ctype_
 *(.flashprog*)
 *(.init)
 *fill*         0x0000b475        0x3 
 .init          0x0000b478        0x4 c:/maximsdk/tools/gnutools/10.3/bin/../lib/gcc/arm-none-eabi/10.3.1/thumb/v7e-m+fp/softfp/crti.o
                0x0000b478                _init
 .init          0x0000b47c        0x8 c:/maximsdk/tools/gnutools/10.3/bin/../lib/gcc/arm-none-eabi/10.3.1/thumb/v7e-m+fp/softfp/crtn.o
 *(.fini)
 .fini          0x0000b484        0x4 c:/maximsdk/tools/gnutools/10.3/bin/../lib/gcc/arm-none-eabi/10.3.1/thumb/v7e-m+fp/softfp/crti.o
                0x0000b484                _fini
 .fini          0x0000b488        0x8 c:/maximsdk/tools/gnutools/10.3/bin/../lib/gcc/arm-none-eabi/10.3.1/thumb/v7e-m+fp/softfp/crtn.o
 *(.eh_frame*)
 .eh_frame      0x0000b490        0x0 c:/maximsdk/tools/gnutools/10.3/bin/../lib/gcc/arm-none-eabi/10.3.1/thumb/v7e-m+fp/softfp/crtbegin.o
 .eh_frame      0x0000b490        0x4 c:/maximsdk/tools/gnutools/10.3/bin/../lib/gcc/arm-none-eabi/10.3.1/thumb/v7e-m+fp/softfp/crtend.o
                0x0000b494                _etext = .

.glue_7         0x0000b494        0x0
 .glue_7        0x0000b494        0x0 linker stubs

.glue_7t        0x0000b494        0x0
 .glue_7t       0x0000b494        0x0 linker stubs

.vfp11_veneer   0x0000b494        0x0
 .vfp11_veneer  0x0000b494        0x0 linker stubs

.v4_bx          0x0000b494        0x0
 .v4_bx         0x0000b494        0x0 linker stubs

.iplt           0x0000b494        0x0
 .iplt          0x0000b494        0x0 c:/maximsdk/tools/gnutools/10.3/bin/../lib/gcc/arm-none-eabi/10.3.1/thumb/v7e-m+fp/softfp/crtbegin.o

.ARM.exidx      0x0000b494        0x8
                0x0000b494                __exidx_start = .
 *(.ARM.exidx*)
 .ARM.exidx     0x0000b494        0x8 c:/maximsdk/tools/gnutools/10.3/bin/../lib/gcc/arm-none-eabi/10.3.1/thumb/v7e-m+fp/softfp\libgcc.a(_udivmoddi4.o)
                0x0000b49c                __exidx_end = .

.rel.dyn        0x0000b49c        0x0
 .rel.iplt      0x0000b49c        0x0 c:/maximsdk/tools/gnutools/10.3/bin/../lib/gcc/arm-none-eabi/10.3.1/thumb/v7e-m+fp/softfp/crtbegin.o

.data           0x20000000      0x9c4 load address 0x0000b49c
                0x20000000                _data = ALIGN (., 0x4)
 *(.data*)
 .data.ConsoleUart
                0x20000000        0x4 C:/Users/ahammad.n/Desktop/Maxim_Micro_Workspace/VR_Headset_Charging_Solution_API/build/board.o
                0x20000000                ConsoleUart
 .data.SystemCoreClock
                0x20000004        0x4 C:/Users/ahammad.n/Desktop/Maxim_Micro_Workspace/VR_Headset_Charging_Solution_API/build/system_max32660.o
                0x20000004                SystemCoreClock
 .data.overflows
                0x20000008        0x4 C:/MaximSDK/Libraries/PeriphDrivers/bin/MAX32660/softfp/libPeriphDriver_softfp.a(mxc_delay.o)
 .data._impure_ptr
                0x2000000c        0x4 c:/maximsdk/tools/gnutools/10.3/bin/../lib/gcc/arm-none-eabi/10.3.1/../../../../arm-none-eabi/lib/thumb/v7e-m+fp/softfp\libc.a(lib_a-impure.o)
                0x2000000c                _impure_ptr
 .data.impure_data
                0x20000010      0x428 c:/maximsdk/tools/gnutools/10.3/bin/../lib/gcc/arm-none-eabi/10.3.1/../../../../arm-none-eabi/lib/thumb/v7e-m+fp/softfp\libc.a(lib_a-impure.o)
 .data.__atexit_recursive_mutex
                0x20000438        0x4 c:/maximsdk/tools/gnutools/10.3/bin/../lib/gcc/arm-none-eabi/10.3.1/../../../../arm-none-eabi/lib/thumb/v7e-m+fp/softfp\libc.a(lib_a-__call_atexit.o)
                0x20000438                __atexit_recursive_mutex
 .data.__malloc_av_
                0x2000043c      0x408 c:/maximsdk/tools/gnutools/10.3/bin/../lib/gcc/arm-none-eabi/10.3.1/../../../../arm-none-eabi/lib/thumb/v7e-m+fp/softfp\libc.a(lib_a-mallocr.o)
                0x2000043c                __malloc_av_
 .data.__malloc_sbrk_base
                0x20000844        0x4 c:/maximsdk/tools/gnutools/10.3/bin/../lib/gcc/arm-none-eabi/10.3.1/../../../../arm-none-eabi/lib/thumb/v7e-m+fp/softfp\libc.a(lib_a-mallocr.o)
                0x20000844                __malloc_sbrk_base
 .data.__malloc_trim_threshold
                0x20000848        0x4 c:/maximsdk/tools/gnutools/10.3/bin/../lib/gcc/arm-none-eabi/10.3.1/../../../../arm-none-eabi/lib/thumb/v7e-m+fp/softfp\libc.a(lib_a-mallocr.o)
                0x20000848                __malloc_trim_threshold
 .data.__global_locale
                0x2000084c      0x16c c:/maximsdk/tools/gnutools/10.3/bin/../lib/gcc/arm-none-eabi/10.3.1/../../../../arm-none-eabi/lib/thumb/v7e-m+fp/softfp\libc.a(lib_a-locale.o)
                0x2000084c                __global_locale
 *(.spix_config*)
                0x200009b8                . = ALIGN (0x4)
                0x200009b8                PROVIDE (__preinit_array_start = .)
 *(.preinit_array)
                0x200009b8                PROVIDE (__preinit_array_end = .)
                0x200009b8                . = ALIGN (0x4)
                0x200009b8                PROVIDE (__init_array_start = .)
 *(SORT_BY_NAME(.init_array.*))
 .init_array.00000
                0x200009b8        0x4 c:/maximsdk/tools/gnutools/10.3/bin/../lib/gcc/arm-none-eabi/10.3.1/../../../../arm-none-eabi/lib/thumb/v7e-m+fp/softfp\libc.a(lib_a-__call_atexit.o)
 *(.init_array)
 .init_array    0x200009bc        0x4 c:/maximsdk/tools/gnutools/10.3/bin/../lib/gcc/arm-none-eabi/10.3.1/thumb/v7e-m+fp/softfp/crtbegin.o
                0x200009c0                PROVIDE (__init_array_end = .)
                0x200009c0                . = ALIGN (0x4)
                0x200009c0                PROVIDE (__fini_array_start = .)
 *(SORT_BY_NAME(.fini_array.*))
 *(.fini_array)
 .fini_array    0x200009c0        0x4 c:/maximsdk/tools/gnutools/10.3/bin/../lib/gcc/arm-none-eabi/10.3.1/thumb/v7e-m+fp/softfp/crtbegin.o
                0x200009c4                PROVIDE (__fini_array_end = .)
                0x200009c4                _edata = ALIGN (., 0x4)
                0x0000b49c                __load_data = LOADADDR (.data)

.igot.plt       0x200009c4        0x0 load address 0x0000be60
 .igot.plt      0x200009c4        0x0 c:/maximsdk/tools/gnutools/10.3/bin/../lib/gcc/arm-none-eabi/10.3.1/thumb/v7e-m+fp/softfp/crtbegin.o

.bss            0x200009c4      0x1b8 load address 0x0000be60
                0x200009c4                . = ALIGN (0x4)
                0x200009c4                _bss = .
 *(.bss*)
 .bss           0x200009c4       0x1c c:/maximsdk/tools/gnutools/10.3/bin/../lib/gcc/arm-none-eabi/10.3.1/thumb/v7e-m+fp/softfp/crtbegin.o
 .bss.Action_Interrupt
                0x200009e0        0x1 C:/Users/ahammad.n/Desktop/Maxim_Micro_Workspace/VR_Headset_Charging_Solution_API/build/Functions.o
                0x200009e0                Action_Interrupt
 *fill*         0x200009e1        0x3 
 .bss.CC_Interrupt
                0x200009e4        0x1 C:/Users/ahammad.n/Desktop/Maxim_Micro_Workspace/VR_Headset_Charging_Solution_API/build/Functions.o
                0x200009e4                CC_Interrupt
 *fill*         0x200009e5        0x3 
 .bss.CC_Istat  0x200009e8        0x1 C:/Users/ahammad.n/Desktop/Maxim_Micro_Workspace/VR_Headset_Charging_Solution_API/build/Functions.o
                0x200009e8                CC_Istat
 *fill*         0x200009e9        0x3 
 .bss.CC_STATUS0_return
                0x200009ec        0x1 C:/Users/ahammad.n/Desktop/Maxim_Micro_Workspace/VR_Headset_Charging_Solution_API/build/Functions.o
                0x200009ec                CC_STATUS0_return
 *fill*         0x200009ed        0x3 
 .bss.Charg_In  0x200009f0        0x4 C:/Users/ahammad.n/Desktop/Maxim_Micro_Workspace/VR_Headset_Charging_Solution_API/build/Functions.o
                0x200009f0                Charg_In
 .bss.Current   0x200009f4        0x2 C:/Users/ahammad.n/Desktop/Maxim_Micro_Workspace/VR_Headset_Charging_Solution_API/build/Functions.o
                0x200009f4                Current
 *fill*         0x200009f6        0x2 
 .bss.PD_Interrupt
                0x200009f8        0x1 C:/Users/ahammad.n/Desktop/Maxim_Micro_Workspace/VR_Headset_Charging_Solution_API/build/Functions.o
                0x200009f8                PD_Interrupt
 *fill*         0x200009f9        0x3 
 .bss.SOC_returned
                0x200009fc        0x2 C:/Users/ahammad.n/Desktop/Maxim_Micro_Workspace/VR_Headset_Charging_Solution_API/build/Functions.o
                0x200009fc                SOC_returned
 *fill*         0x200009fe        0x2 
 .bss.UIC_Interrupt
                0x20000a00        0x1 C:/Users/ahammad.n/Desktop/Maxim_Micro_Workspace/VR_Headset_Charging_Solution_API/build/Functions.o
                0x20000a00                UIC_Interrupt
 *fill*         0x20000a01        0x3 
 .bss.USB_STATUS_1_Read
                0x20000a04        0x1 C:/Users/ahammad.n/Desktop/Maxim_Micro_Workspace/VR_Headset_Charging_Solution_API/build/Functions.o
                0x20000a04                USB_STATUS_1_Read
 *fill*         0x20000a05        0x3 
 .bss.Vcell     0x20000a08        0x2 C:/Users/ahammad.n/Desktop/Maxim_Micro_Workspace/VR_Headset_Charging_Solution_API/build/Functions.o
                0x20000a08                Vcell
 *fill*         0x20000a0a        0x2 
 .bss.flag      0x20000a0c        0x4 C:/Users/ahammad.n/Desktop/Maxim_Micro_Workspace/VR_Headset_Charging_Solution_API/build/Functions.o
                0x20000a0c                flag
 .bss.gpio_interrupt
                0x20000a10        0xc C:/Users/ahammad.n/Desktop/Maxim_Micro_Workspace/VR_Headset_Charging_Solution_API/build/Functions.o
                0x20000a10                gpio_interrupt
 .bss.gpio_interrupt_status
                0x20000a1c        0xc C:/Users/ahammad.n/Desktop/Maxim_Micro_Workspace/VR_Headset_Charging_Solution_API/build/Functions.o
                0x20000a1c                gpio_interrupt_status
 .bss.gpio_led_1
                0x20000a28        0xc C:/Users/ahammad.n/Desktop/Maxim_Micro_Workspace/VR_Headset_Charging_Solution_API/build/Functions.o
                0x20000a28                gpio_led_1
 .bss.gpio_led_2
                0x20000a34        0xc C:/Users/ahammad.n/Desktop/Maxim_Micro_Workspace/VR_Headset_Charging_Solution_API/build/Functions.o
                0x20000a34                gpio_led_2
 .bss.gpio_led_3
                0x20000a40        0xc C:/Users/ahammad.n/Desktop/Maxim_Micro_Workspace/VR_Headset_Charging_Solution_API/build/Functions.o
                0x20000a40                gpio_led_3
 .bss.gpio_led_4
                0x20000a4c        0xc C:/Users/ahammad.n/Desktop/Maxim_Micro_Workspace/VR_Headset_Charging_Solution_API/build/Functions.o
                0x20000a4c                gpio_led_4
 .bss.gpio_polling
                0x20000a58        0xc C:/Users/ahammad.n/Desktop/Maxim_Micro_Workspace/VR_Headset_Charging_Solution_API/build/Functions.o
                0x20000a58                gpio_polling
 .bss.reqMaster
                0x20000a64       0x20 C:/Users/ahammad.n/Desktop/Maxim_Micro_Workspace/VR_Headset_Charging_Solution_API/build/Functions.o
                0x20000a64                reqMaster
 .bss.heap_end  0x20000a84        0x4 C:/Users/ahammad.n/Desktop/Maxim_Micro_Workspace/VR_Headset_Charging_Solution_API/build/heap.o
 .bss.cbFunc    0x20000a88        0x4 C:/MaximSDK/Libraries/PeriphDrivers/bin/MAX32660/softfp/libPeriphDriver_softfp.a(mxc_delay.o)
 .bss.ctrl_save
                0x20000a8c        0x4 C:/MaximSDK/Libraries/PeriphDrivers/bin/MAX32660/softfp/libPeriphDriver_softfp.a(mxc_delay.o)
 .bss.endtick   0x20000a90        0x4 C:/MaximSDK/Libraries/PeriphDrivers/bin/MAX32660/softfp/libPeriphDriver_softfp.a(mxc_delay.o)
 .bss.states    0x20000a94       0x30 C:/MaximSDK/Libraries/PeriphDrivers/bin/MAX32660/softfp/libPeriphDriver_softfp.a(i2c_reva.o)
 .bss.callback  0x20000ac4       0x38 C:/MaximSDK/Libraries/PeriphDrivers/bin/MAX32660/softfp/libPeriphDriver_softfp.a(gpio_common.o)
 .bss.cbparam   0x20000afc       0x38 C:/MaximSDK/Libraries/PeriphDrivers/bin/MAX32660/softfp/libPeriphDriver_softfp.a(gpio_common.o)
 .bss.__lock___atexit_recursive_mutex
                0x20000b34        0x1 c:/maximsdk/tools/gnutools/10.3/bin/../lib/gcc/arm-none-eabi/10.3.1/../../../../arm-none-eabi/lib/thumb/v7e-m+fp/softfp\libc.a(lib_a-lock.o)
                0x20000b34                __lock___atexit_recursive_mutex
 *fill*         0x20000b35        0x3 
 .bss.__lock___malloc_recursive_mutex
                0x20000b38        0x1 c:/maximsdk/tools/gnutools/10.3/bin/../lib/gcc/arm-none-eabi/10.3.1/../../../../arm-none-eabi/lib/thumb/v7e-m+fp/softfp\libc.a(lib_a-lock.o)
                0x20000b38                __lock___malloc_recursive_mutex
 *fill*         0x20000b39        0x3 
 .bss.__lock___sfp_recursive_mutex
                0x20000b3c        0x1 c:/maximsdk/tools/gnutools/10.3/bin/../lib/gcc/arm-none-eabi/10.3.1/../../../../arm-none-eabi/lib/thumb/v7e-m+fp/softfp\libc.a(lib_a-lock.o)
                0x20000b3c                __lock___sfp_recursive_mutex
 *fill*         0x20000b3d        0x3 
 .bss.__lock___sinit_recursive_mutex
                0x20000b40        0x1 c:/maximsdk/tools/gnutools/10.3/bin/../lib/gcc/arm-none-eabi/10.3.1/../../../../arm-none-eabi/lib/thumb/v7e-m+fp/softfp\libc.a(lib_a-lock.o)
                0x20000b40                __lock___sinit_recursive_mutex
 *fill*         0x20000b41        0x3 
 .bss.__malloc_current_mallinfo
                0x20000b44       0x28 c:/maximsdk/tools/gnutools/10.3/bin/../lib/gcc/arm-none-eabi/10.3.1/../../../../arm-none-eabi/lib/thumb/v7e-m+fp/softfp\libc.a(lib_a-mallocr.o)
                0x20000b44                __malloc_current_mallinfo
 .bss.__malloc_max_sbrked_mem
                0x20000b6c        0x4 c:/maximsdk/tools/gnutools/10.3/bin/../lib/gcc/arm-none-eabi/10.3.1/../../../../arm-none-eabi/lib/thumb/v7e-m+fp/softfp\libc.a(lib_a-mallocr.o)
                0x20000b6c                __malloc_max_sbrked_mem
 .bss.__malloc_max_total_mem
                0x20000b70        0x4 c:/maximsdk/tools/gnutools/10.3/bin/../lib/gcc/arm-none-eabi/10.3.1/../../../../arm-none-eabi/lib/thumb/v7e-m+fp/softfp\libc.a(lib_a-mallocr.o)
                0x20000b70                __malloc_max_total_mem
 .bss.__malloc_top_pad
                0x20000b74        0x4 c:/maximsdk/tools/gnutools/10.3/bin/../lib/gcc/arm-none-eabi/10.3.1/../../../../arm-none-eabi/lib/thumb/v7e-m+fp/softfp\libc.a(lib_a-mallocr.o)
                0x20000b74                __malloc_top_pad
 .bss.errno     0x20000b78        0x4 c:/maximsdk/tools/gnutools/10.3/bin/../lib/gcc/arm-none-eabi/10.3.1/../../../../arm-none-eabi/lib/thumb/v7e-m+fp/softfp\libc.a(lib_a-reent.o)
                0x20000b78                errno
 *(COMMON)
                0x20000b7c                _ebss = ALIGN (., 0x4)
                0x20018000                __StackTop = (ORIGIN (SRAM) + LENGTH (SRAM))
                0x20017000                __StackLimit = (__StackTop - SIZEOF (.stack_dummy))

.stack_dummy    0x20000b80     0x1000 load address 0x0000be60
 *(.stack*)
 .stack         0x20000b80     0x1000 C:/Users/ahammad.n/Desktop/Maxim_Micro_Workspace/VR_Headset_Charging_Solution_API/build/startup_max32660.o

.heap           0x20000b80      0xc00 load address 0x0000be60
                0x20000b80                . = ALIGN (0x4)
 *(.heap*)
 .heap          0x20000b80      0xc00 C:/Users/ahammad.n/Desktop/Maxim_Micro_Workspace/VR_Headset_Charging_Solution_API/build/startup_max32660.o
                0x20000b80                __HeapBase
                0x20017000                __HeapLimit = ABSOLUTE (__StackLimit)
                0x20018000                PROVIDE (__stack = __StackTop)
                0x00000001                ASSERT ((__StackLimit >= _ebss), region RAM overflowed with stack)
OUTPUT(C:/Users/ahammad.n/Desktop/Maxim_Micro_Workspace/VR_Headset_Charging_Solution_API/build/VR_Headset_Charging_Solution_API.elf elf32-littlearm)
LOAD linker stubs

.ARM.attributes
                0x00000000       0x2e
 .ARM.attributes
                0x00000000       0x1e c:/maximsdk/tools/gnutools/10.3/bin/../lib/gcc/arm-none-eabi/10.3.1/thumb/v7e-m+fp/softfp/crti.o
 .ARM.attributes
                0x0000001e       0x32 c:/maximsdk/tools/gnutools/10.3/bin/../lib/gcc/arm-none-eabi/10.3.1/thumb/v7e-m+fp/softfp/crtbegin.o
 .ARM.attributes
                0x00000050       0x32 C:/Users/ahammad.n/Desktop/Maxim_Micro_Workspace/VR_Headset_Charging_Solution_API/build/Functions.o
 .ARM.attributes
                0x00000082       0x32 C:/Users/ahammad.n/Desktop/Maxim_Micro_Workspace/VR_Headset_Charging_Solution_API/build/main.o
 .ARM.attributes
                0x000000b4       0x32 C:/Users/ahammad.n/Desktop/Maxim_Micro_Workspace/VR_Headset_Charging_Solution_API/build/board.o
 .ARM.attributes
                0x000000e6       0x32 C:/Users/ahammad.n/Desktop/Maxim_Micro_Workspace/VR_Headset_Charging_Solution_API/build/stdio.o
 .ARM.attributes
                0x00000118       0x32 C:/Users/ahammad.n/Desktop/Maxim_Micro_Workspace/VR_Headset_Charging_Solution_API/build/led.o
 .ARM.attributes
                0x0000014a       0x32 C:/Users/ahammad.n/Desktop/Maxim_Micro_Workspace/VR_Headset_Charging_Solution_API/build/pb.o
 .ARM.attributes
                0x0000017c       0x1b C:/Users/ahammad.n/Desktop/Maxim_Micro_Workspace/VR_Headset_Charging_Solution_API/build/startup_max32660.o
 .ARM.attributes
                0x00000197       0x32 C:/Users/ahammad.n/Desktop/Maxim_Micro_Workspace/VR_Headset_Charging_Solution_API/build/heap.o
 .ARM.attributes
                0x000001c9       0x32 C:/Users/ahammad.n/Desktop/Maxim_Micro_Workspace/VR_Headset_Charging_Solution_API/build/system_max32660.o
 .ARM.attributes
                0x000001fb       0x32 C:/MaximSDK/Libraries/PeriphDrivers/bin/MAX32660/softfp/libPeriphDriver_softfp.a(mxc_delay.o)
 .ARM.attributes
                0x0000022d       0x32 C:/MaximSDK/Libraries/PeriphDrivers/bin/MAX32660/softfp/libPeriphDriver_softfp.a(sys_me11.o)
 .ARM.attributes
                0x0000025f       0x32 C:/MaximSDK/Libraries/PeriphDrivers/bin/MAX32660/softfp/libPeriphDriver_softfp.a(gpio_me11.o)
 .ARM.attributes
                0x00000291       0x32 C:/MaximSDK/Libraries/PeriphDrivers/bin/MAX32660/softfp/libPeriphDriver_softfp.a(gpio_reva.o)
 .ARM.attributes
                0x000002c3       0x32 C:/MaximSDK/Libraries/PeriphDrivers/bin/MAX32660/softfp/libPeriphDriver_softfp.a(i2c_me11.o)
 .ARM.attributes
                0x000002f5       0x32 C:/MaximSDK/Libraries/PeriphDrivers/bin/MAX32660/softfp/libPeriphDriver_softfp.a(i2c_reva.o)
 .ARM.attributes
                0x00000327       0x32 C:/MaximSDK/Libraries/PeriphDrivers/bin/MAX32660/softfp/libPeriphDriver_softfp.a(uart_me11.o)
 .ARM.attributes
                0x00000359       0x32 C:/MaximSDK/Libraries/PeriphDrivers/bin/MAX32660/softfp/libPeriphDriver_softfp.a(uart_reva.o)
 .ARM.attributes
                0x0000038b       0x32 C:/MaximSDK/Libraries/PeriphDrivers/bin/MAX32660/softfp/libPeriphDriver_softfp.a(pins_me11.o)
 .ARM.attributes
                0x000003bd       0x32 C:/MaximSDK/Libraries/PeriphDrivers/bin/MAX32660/softfp/libPeriphDriver_softfp.a(gpio_common.o)
 .ARM.attributes
                0x000003ef       0x32 C:/MaximSDK/Libraries/PeriphDrivers/bin/MAX32660/softfp/libPeriphDriver_softfp.a(uart_common.o)
 .ARM.attributes
                0x00000421       0x32 c:/maximsdk/tools/gnutools/10.3/bin/../lib/gcc/arm-none-eabi/10.3.1/../../../../arm-none-eabi/lib/thumb/v7e-m+fp/softfp\libc.a(lib_a-errno.o)
 .ARM.attributes
                0x00000453       0x32 c:/maximsdk/tools/gnutools/10.3/bin/../lib/gcc/arm-none-eabi/10.3.1/../../../../arm-none-eabi/lib/thumb/v7e-m+fp/softfp\libc.a(lib_a-impure.o)
 .ARM.attributes
                0x00000485       0x32 c:/maximsdk/tools/gnutools/10.3/bin/../lib/gcc/arm-none-eabi/10.3.1/../../../../arm-none-eabi/lib/thumb/v7e-m+fp/softfp\libc.a(lib_a-init.o)
 .ARM.attributes
                0x000004b7       0x1c c:/maximsdk/tools/gnutools/10.3/bin/../lib/gcc/arm-none-eabi/10.3.1/../../../../arm-none-eabi/lib/thumb/v7e-m+fp/softfp\libc.a(lib_a-memcpy.o)
 .ARM.attributes
                0x000004d3       0x32 c:/maximsdk/tools/gnutools/10.3/bin/../lib/gcc/arm-none-eabi/10.3.1/../../../../arm-none-eabi/lib/thumb/v7e-m+fp/softfp\libc.a(lib_a-memset.o)
 .ARM.attributes
                0x00000505       0x32 c:/maximsdk/tools/gnutools/10.3/bin/../lib/gcc/arm-none-eabi/10.3.1/../../../../arm-none-eabi/lib/thumb/v7e-m+fp/softfp\libc.a(lib_a-printf.o)
 .ARM.attributes
                0x00000537       0x32 c:/maximsdk/tools/gnutools/10.3/bin/../lib/gcc/arm-none-eabi/10.3.1/../../../../arm-none-eabi/lib/thumb/v7e-m+fp/softfp\libc.a(lib_a-puts.o)
 .ARM.attributes
                0x00000569       0x1c c:/maximsdk/tools/gnutools/10.3/bin/../lib/gcc/arm-none-eabi/10.3.1/../../../../arm-none-eabi/lib/thumb/v7e-m+fp/softfp\libc.a(lib_a-strlen.o)
 .ARM.attributes
                0x00000585       0x32 c:/maximsdk/tools/gnutools/10.3/bin/../lib/gcc/arm-none-eabi/10.3.1/../../../../arm-none-eabi/lib/thumb/v7e-m+fp/softfp\libc.a(lib_a-vfprintf.o)
 .ARM.attributes
                0x000005b7       0x32 c:/maximsdk/tools/gnutools/10.3/bin/../lib/gcc/arm-none-eabi/10.3.1/../../../../arm-none-eabi/lib/thumb/v7e-m+fp/softfp\libc.a(lib_a-wsetup.o)
 .ARM.attributes
                0x000005e9       0x32 c:/maximsdk/tools/gnutools/10.3/bin/../lib/gcc/arm-none-eabi/10.3.1/../../../../arm-none-eabi/lib/thumb/v7e-m+fp/softfp\libc.a(lib_a-__call_atexit.o)
 .ARM.attributes
                0x0000061b       0x32 c:/maximsdk/tools/gnutools/10.3/bin/../lib/gcc/arm-none-eabi/10.3.1/../../../../arm-none-eabi/lib/thumb/v7e-m+fp/softfp\libc.a(lib_a-atexit.o)
 .ARM.attributes
                0x0000064d       0x32 c:/maximsdk/tools/gnutools/10.3/bin/../lib/gcc/arm-none-eabi/10.3.1/../../../../arm-none-eabi/lib/thumb/v7e-m+fp/softfp\libc.a(lib_a-dtoa.o)
 .ARM.attributes
                0x0000067f       0x32 c:/maximsdk/tools/gnutools/10.3/bin/../lib/gcc/arm-none-eabi/10.3.1/../../../../arm-none-eabi/lib/thumb/v7e-m+fp/softfp\libc.a(lib_a-fflush.o)
 .ARM.attributes
                0x000006b1       0x32 c:/maximsdk/tools/gnutools/10.3/bin/../lib/gcc/arm-none-eabi/10.3.1/../../../../arm-none-eabi/lib/thumb/v7e-m+fp/softfp\libc.a(lib_a-findfp.o)
 .ARM.attributes
                0x000006e3       0x32 c:/maximsdk/tools/gnutools/10.3/bin/../lib/gcc/arm-none-eabi/10.3.1/../../../../arm-none-eabi/lib/thumb/v7e-m+fp/softfp\libc.a(lib_a-fini.o)
 .ARM.attributes
                0x00000715       0x32 c:/maximsdk/tools/gnutools/10.3/bin/../lib/gcc/arm-none-eabi/10.3.1/../../../../arm-none-eabi/lib/thumb/v7e-m+fp/softfp\libc.a(lib_a-freer.o)
 .ARM.attributes
                0x00000747       0x32 c:/maximsdk/tools/gnutools/10.3/bin/../lib/gcc/arm-none-eabi/10.3.1/../../../../arm-none-eabi/lib/thumb/v7e-m+fp/softfp\libc.a(lib_a-fvwrite.o)
 .ARM.attributes
                0x00000779       0x32 c:/maximsdk/tools/gnutools/10.3/bin/../lib/gcc/arm-none-eabi/10.3.1/../../../../arm-none-eabi/lib/thumb/v7e-m+fp/softfp\libc.a(lib_a-fwalk.o)
 .ARM.attributes
                0x000007ab       0x32 c:/maximsdk/tools/gnutools/10.3/bin/../lib/gcc/arm-none-eabi/10.3.1/../../../../arm-none-eabi/lib/thumb/v7e-m+fp/softfp\libc.a(lib_a-localeconv.o)
 .ARM.attributes